main.c:110:5:main	16	static
main.c:189:6:SystemClock_Config	104	static
main.c:243:13:MX_I2C1_Init	8	static
main.c:277:13:MX_I2S3_Init	8	static
main.c:311:13:MX_SPI1_Init	8	static
main.c:349:13:MX_GPIO_Init	56	static
main.c:439:6:ProcessMIDI	24	static
main.c:554:6:audioBlock	40	static
main.c:591:6:BSP_AUDIO_OUT_HalfTransfer_CallBack	16	static
main.c:602:6:BSP_AUDIO_OUT_TransferComplete_CallBack	16	static
main.c:614:6:BSP_AUDIO_OUT_Error_CallBack	4	static
main.c:626:6:DMA1_Stream7_IRQHandler	8	static
main.c:636:6:DMA1_Stream3_IRQHandler	8	static
main.c:647:13:USBH_UserProcess_callback	16	static
main.c:685:6:Error_Handler	4	static
