main.c:88:5:main	8	static
main.c:145:6:SystemClock_Config	104	static
main.c:199:13:MX_I2C1_Init	8	static
main.c:233:13:MX_I2S3_Init	8	static
main.c:267:13:MX_SPI1_Init	8	static
main.c:305:13:MX_GPIO_Init	56	static
main.c:395:6:audioBlock	40	static
main.c:415:6:DMA1_Stream7_IRQHandler	8	static
main.c:419:6:DMA1_Stream3_IRQHandler	8	static
main.c:424:6:BSP_AUDIO_OUT_HalfTransfer_CallBack	16	static
main.c:435:6:BSP_AUDIO_OUT_TransferComplete_CallBack	16	static
main.c:447:6:BSP_AUDIO_OUT_Error_CallBack	4	static
main.c:460:6:Error_Handler	4	static
