Archive member included to satisfy reference by file (symbol)

/Applications/STM32CubeIDE.app/Contents/Eclipse/plugins/com.st.stm32cube.ide.mcu.externaltools.gnu-tools-for-stm32.7-2018-q2-update.macos64_1.0.0.201904181610/tools/bin/../lib/gcc/arm-none-eabi/7.3.1/../../../../arm-none-eabi/lib/thumb/v7e-m/fpv4-sp/hard/libc_nano.a(lib_a-errno.o)
                              Src/syscalls.o (__errno)
/Applications/STM32CubeIDE.app/Contents/Eclipse/plugins/com.st.stm32cube.ide.mcu.externaltools.gnu-tools-for-stm32.7-2018-q2-update.macos64_1.0.0.201904181610/tools/bin/../lib/gcc/arm-none-eabi/7.3.1/../../../../arm-none-eabi/lib/thumb/v7e-m/fpv4-sp/hard/libc_nano.a(lib_a-exit.o)
                              /Applications/STM32CubeIDE.app/Contents/Eclipse/plugins/com.st.stm32cube.ide.mcu.externaltools.gnu-tools-for-stm32.7-2018-q2-update.macos64_1.0.0.201904181610/tools/bin/../lib/gcc/arm-none-eabi/7.3.1/../../../../arm-none-eabi/lib/thumb/v7e-m/fpv4-sp/hard/crt0.o (exit)
/Applications/STM32CubeIDE.app/Contents/Eclipse/plugins/com.st.stm32cube.ide.mcu.externaltools.gnu-tools-for-stm32.7-2018-q2-update.macos64_1.0.0.201904181610/tools/bin/../lib/gcc/arm-none-eabi/7.3.1/../../../../arm-none-eabi/lib/thumb/v7e-m/fpv4-sp/hard/libc_nano.a(lib_a-impure.o)
                              /Applications/STM32CubeIDE.app/Contents/Eclipse/plugins/com.st.stm32cube.ide.mcu.externaltools.gnu-tools-for-stm32.7-2018-q2-update.macos64_1.0.0.201904181610/tools/bin/../lib/gcc/arm-none-eabi/7.3.1/../../../../arm-none-eabi/lib/thumb/v7e-m/fpv4-sp/hard/libc_nano.a(lib_a-exit.o) (_global_impure_ptr)
/Applications/STM32CubeIDE.app/Contents/Eclipse/plugins/com.st.stm32cube.ide.mcu.externaltools.gnu-tools-for-stm32.7-2018-q2-update.macos64_1.0.0.201904181610/tools/bin/../lib/gcc/arm-none-eabi/7.3.1/../../../../arm-none-eabi/lib/thumb/v7e-m/fpv4-sp/hard/libc_nano.a(lib_a-init.o)
                              /Applications/STM32CubeIDE.app/Contents/Eclipse/plugins/com.st.stm32cube.ide.mcu.externaltools.gnu-tools-for-stm32.7-2018-q2-update.macos64_1.0.0.201904181610/tools/bin/../lib/gcc/arm-none-eabi/7.3.1/../../../../arm-none-eabi/lib/thumb/v7e-m/fpv4-sp/hard/crt0.o (__libc_init_array)
/Applications/STM32CubeIDE.app/Contents/Eclipse/plugins/com.st.stm32cube.ide.mcu.externaltools.gnu-tools-for-stm32.7-2018-q2-update.macos64_1.0.0.201904181610/tools/bin/../lib/gcc/arm-none-eabi/7.3.1/../../../../arm-none-eabi/lib/thumb/v7e-m/fpv4-sp/hard/libc_nano.a(lib_a-malloc.o)
                              Middlewares/ST/STM32_USB_Host_Library/Class/CDC/Src/usbh_cdc.o (malloc)
/Applications/STM32CubeIDE.app/Contents/Eclipse/plugins/com.st.stm32cube.ide.mcu.externaltools.gnu-tools-for-stm32.7-2018-q2-update.macos64_1.0.0.201904181610/tools/bin/../lib/gcc/arm-none-eabi/7.3.1/../../../../arm-none-eabi/lib/thumb/v7e-m/fpv4-sp/hard/libc_nano.a(lib_a-memset.o)
                              /Applications/STM32CubeIDE.app/Contents/Eclipse/plugins/com.st.stm32cube.ide.mcu.externaltools.gnu-tools-for-stm32.7-2018-q2-update.macos64_1.0.0.201904181610/tools/bin/../lib/gcc/arm-none-eabi/7.3.1/../../../../arm-none-eabi/lib/thumb/v7e-m/fpv4-sp/hard/crt0.o (memset)
/Applications/STM32CubeIDE.app/Contents/Eclipse/plugins/com.st.stm32cube.ide.mcu.externaltools.gnu-tools-for-stm32.7-2018-q2-update.macos64_1.0.0.201904181610/tools/bin/../lib/gcc/arm-none-eabi/7.3.1/../../../../arm-none-eabi/lib/thumb/v7e-m/fpv4-sp/hard/libc_nano.a(lib_a-nano-freer.o)
                              /Applications/STM32CubeIDE.app/Contents/Eclipse/plugins/com.st.stm32cube.ide.mcu.externaltools.gnu-tools-for-stm32.7-2018-q2-update.macos64_1.0.0.201904181610/tools/bin/../lib/gcc/arm-none-eabi/7.3.1/../../../../arm-none-eabi/lib/thumb/v7e-m/fpv4-sp/hard/libc_nano.a(lib_a-malloc.o) (_free_r)
/Applications/STM32CubeIDE.app/Contents/Eclipse/plugins/com.st.stm32cube.ide.mcu.externaltools.gnu-tools-for-stm32.7-2018-q2-update.macos64_1.0.0.201904181610/tools/bin/../lib/gcc/arm-none-eabi/7.3.1/../../../../arm-none-eabi/lib/thumb/v7e-m/fpv4-sp/hard/libc_nano.a(lib_a-nano-mallocr.o)
                              /Applications/STM32CubeIDE.app/Contents/Eclipse/plugins/com.st.stm32cube.ide.mcu.externaltools.gnu-tools-for-stm32.7-2018-q2-update.macos64_1.0.0.201904181610/tools/bin/../lib/gcc/arm-none-eabi/7.3.1/../../../../arm-none-eabi/lib/thumb/v7e-m/fpv4-sp/hard/libc_nano.a(lib_a-malloc.o) (_malloc_r)
/Applications/STM32CubeIDE.app/Contents/Eclipse/plugins/com.st.stm32cube.ide.mcu.externaltools.gnu-tools-for-stm32.7-2018-q2-update.macos64_1.0.0.201904181610/tools/bin/../lib/gcc/arm-none-eabi/7.3.1/../../../../arm-none-eabi/lib/thumb/v7e-m/fpv4-sp/hard/libc_nano.a(lib_a-sbrkr.o)
                              /Applications/STM32CubeIDE.app/Contents/Eclipse/plugins/com.st.stm32cube.ide.mcu.externaltools.gnu-tools-for-stm32.7-2018-q2-update.macos64_1.0.0.201904181610/tools/bin/../lib/gcc/arm-none-eabi/7.3.1/../../../../arm-none-eabi/lib/thumb/v7e-m/fpv4-sp/hard/libc_nano.a(lib_a-nano-mallocr.o) (_sbrk_r)
[...]
Memory Configuration

Name             Origin             Length             Attributes
CCMRAM           0x0000000010000000 0x0000000000010000 xrw
RAM              0x0000000020000000 0x0000000000020000 xrw
FLASH            0x0000000008000000 0x0000000000100000 xr
*default*        0x0000000000000000 0xffffffffffffffff

Linker script and memory map

LOAD /Applications/STM32CubeIDE.app/Contents/Eclipse/plugins/com.st.stm32cube.ide.mcu.externaltools.gnu-tools-for-stm32.7-2018-q2-update.macos64_1.0.0.201904181610/tools/bin/../lib/gcc/arm-none-eabi/7.3.1/thumb/v7e-m/fpv4-sp/hard/crti.o
LOAD /Applications/STM32CubeIDE.app/Contents/Eclipse/plugins/com.st.stm32cube.ide.mcu.externaltools.gnu-tools-for-stm32.7-2018-q2-update.macos64_1.0.0.201904181610/tools/bin/../lib/gcc/arm-none-eabi/7.3.1/thumb/v7e-m/fpv4-sp/hard/crtbegin.o
LOAD /Applications/STM32CubeIDE.app/Contents/Eclipse/plugins/com.st.stm32cube.ide.mcu.externaltools.gnu-tools-for-stm32.7-2018-q2-update.macos64_1.0.0.201904181610/tools/bin/../lib/gcc/arm-none-eabi/7.3.1/../../../../arm-none-eabi/lib/thumb/v7e-m/fpv4-sp/hard/crt0.o
LOAD Drivers/BSP/Components/cs43l22/cs43l22.o
LOAD Drivers/BSP/Components/exc7200/exc7200.o
LOAD Drivers/BSP/Components/ft6x06/ft6x06.o
LOAD Drivers/BSP/Components/ili9325/ili9325.o
LOAD Drivers/BSP/Components/ili9341/ili9341.o
LOAD Drivers/BSP/Components/l3gd20/l3gd20.o
LOAD Drivers/BSP/Components/lis302dl/lis302dl.o
LOAD Drivers/BSP/Components/lis3dsh/lis3dsh.o
LOAD Drivers/BSP/Components/ls016b8uy/ls016b8uy.o
LOAD Drivers/BSP/Components/lsm303dlhc/lsm303dlhc.o
LOAD Drivers/BSP/Components/mfxstm32l152/mfxstm32l152.o
LOAD Drivers/BSP/Components/otm8009a/otm8009a.o
LOAD Drivers/BSP/Components/ov2640/ov2640.o
LOAD Drivers/BSP/Components/s5k5cag/s5k5cag.o
LOAD Drivers/BSP/Components/st7735/st7735.o
LOAD Drivers/BSP/Components/st7789h2/st7789h2.o
LOAD Drivers/BSP/Components/stmpe1600/stmpe1600.o
LOAD Drivers/BSP/Components/stmpe811/stmpe811.o
LOAD Drivers/BSP/Components/ts3510/ts3510.o
LOAD Drivers/BSP/Components/wm8994/wm8994.o
LOAD Drivers/BSP/STM32F4-Discovery/stm32f4_discovery.o
LOAD Drivers/BSP/STM32F4-Discovery/stm32f4_discovery_accelerometer.o
LOAD Drivers/BSP/STM32F4-Discovery/stm32f4_discovery_audio.o
LOAD Drivers/STM32F4xx_HAL_Driver/Src/stm32f4xx_hal.o
LOAD Drivers/STM32F4xx_HAL_Driver/Src/stm32f4xx_hal_cortex.o
LOAD Drivers/STM32F4xx_HAL_Driver/Src/stm32f4xx_hal_dma.o
LOAD Drivers/STM32F4xx_HAL_Driver/Src/stm32f4xx_hal_dma_ex.o
LOAD Drivers/STM32F4xx_HAL_Driver/Src/stm32f4xx_hal_exti.o
LOAD Drivers/STM32F4xx_HAL_Driver/Src/stm32f4xx_hal_flash.o
LOAD Drivers/STM32F4xx_HAL_Driver/Src/stm32f4xx_hal_flash_ex.o
LOAD Drivers/STM32F4xx_HAL_Driver/Src/stm32f4xx_hal_flash_ramfunc.o
LOAD Drivers/STM32F4xx_HAL_Driver/Src/stm32f4xx_hal_gpio.o
LOAD Drivers/STM32F4xx_HAL_Driver/Src/stm32f4xx_hal_hcd.o
LOAD Drivers/STM32F4xx_HAL_Driver/Src/stm32f4xx_hal_i2c.o
LOAD Drivers/STM32F4xx_HAL_Driver/Src/stm32f4xx_hal_i2c_ex.o
LOAD Drivers/STM32F4xx_HAL_Driver/Src/stm32f4xx_hal_i2s.o
LOAD Drivers/STM32F4xx_HAL_Driver/Src/stm32f4xx_hal_i2s_ex.o
LOAD Drivers/STM32F4xx_HAL_Driver/Src/stm32f4xx_hal_pwr.o
LOAD Drivers/STM32F4xx_HAL_Driver/Src/stm32f4xx_hal_pwr_ex.o
LOAD Drivers/STM32F4xx_HAL_Driver/Src/stm32f4xx_hal_rcc.o
LOAD Drivers/STM32F4xx_HAL_Driver/Src/stm32f4xx_hal_rcc_ex.o
LOAD Drivers/STM32F4xx_HAL_Driver/Src/stm32f4xx_hal_spi.o
LOAD Drivers/STM32F4xx_HAL_Driver/Src/stm32f4xx_hal_tim.o
LOAD Drivers/STM32F4xx_HAL_Driver/Src/stm32f4xx_hal_tim_ex.o
LOAD Drivers/STM32F4xx_HAL_Driver/Src/stm32f4xx_ll_usb.o
LOAD Middlewares/ST/STM32_USB_Host_Library/Class/CDC/Src/usbh_cdc.o
LOAD Middlewares/ST/STM32_USB_Host_Library/Core/Src/usbh_core.o
LOAD Middlewares/ST/STM32_USB_Host_Library/Core/Src/usbh_ctlreq.o
LOAD Middlewares/ST/STM32_USB_Host_Library/Core/Src/usbh_ioreq.o
LOAD Middlewares/ST/STM32_USB_Host_Library/Core/Src/usbh_pipes.o
LOAD Src/MIDI_application.o
LOAD Src/main.o
LOAD Src/stm32f4xx_hal_msp.o
LOAD Src/stm32f4xx_it.o
LOAD Src/syscalls.o
LOAD Src/sysmem.o
LOAD Src/system_stm32f4xx.o
LOAD Src/usbh_MIDI.o
LOAD Src/usbh_conf.o
LOAD Startup/startup_stm32f407vgtx.o
START GROUP
LOAD /Applications/STM32CubeIDE.app/Contents/Eclipse/plugins/com.st.stm32cube.ide.mcu.externaltools.gnu-tools-for-stm32.7-2018-q2-update.macos64_1.0.0.201904181610/tools/bin/../lib/gcc/arm-none-eabi/7.3.1/../../../../arm-none-eabi/lib/thumb/v7e-m/fpv4-sp/hard/libc_nano.a
LOAD /Applications/STM32CubeIDE.app/Contents/Eclipse/plugins/com.st.stm32cube.ide.mcu.externaltools.gnu-tools-for-stm32.7-2018-q2-update.macos64_1.0.0.201904181610/tools/bin/../lib/gcc/arm-none-eabi/7.3.1/../../../../arm-none-eabi/lib/thumb/v7e-m/fpv4-sp/hard/libm.a
END GROUP
START GROUP
LOAD /Applications/STM32CubeIDE.app/Contents/Eclipse/plugins/com.st.stm32cube.ide.mcu.externaltools.gnu-tools-for-stm32.7-2018-q2-update.macos64_1.0.0.201904181610/tools/bin/../lib/gcc/arm-none-eabi/7.3.1/thumb/v7e-m/fpv4-sp/hard/libgcc.a
LOAD /Applications/STM32CubeIDE.app/Contents/Eclipse/plugins/com.st.stm32cube.ide.mcu.externaltools.gnu-tools-for-stm32.7-2018-q2-update.macos64_1.0.0.201904181610/tools/bin/../lib/gcc/arm-none-eabi/7.3.1/../../../../arm-none-eabi/lib/thumb/v7e-m/fpv4-sp/hard/libc_nano.a
END GROUP
START GROUP
LOAD /Applications/STM32CubeIDE.app/Contents/Eclipse/plugins/com.st.stm32cube.ide.mcu.externaltools.gnu-tools-for-stm32.7-2018-q2-update.macos64_1.0.0.201904181610/tools/bin/../lib/gcc/arm-none-eabi/7.3.1/thumb/v7e-m/fpv4-sp/hard/libgcc.a
LOAD /Applications/STM32CubeIDE.app/Contents/Eclipse/plugins/com.st.stm32cube.ide.mcu.externaltools.gnu-tools-for-stm32.7-2018-q2-update.macos64_1.0.0.201904181610/tools/bin/../lib/gcc/arm-none-eabi/7.3.1/../../../../arm-none-eabi/lib/thumb/v7e-m/fpv4-sp/hard/libc_nano.a
LOAD /Applications/STM32CubeIDE.app/Contents/Eclipse/plugins/com.st.stm32cube.ide.mcu.externaltools.gnu-tools-for-stm32.7-2018-q2-update.macos64_1.0.0.201904181610/tools/bin/../lib/gcc/arm-none-eabi/7.3.1/../../../../arm-none-eabi/lib/thumb/v7e-m/fpv4-sp/hard/libnosys.a
END GROUP
START GROUP
LOAD /Applications/STM32CubeIDE.app/Contents/Eclipse/plugins/com.st.stm32cube.ide.mcu.externaltools.gnu-tools-for-stm32.7-2018-q2-update.macos64_1.0.0.201904181610/tools/bin/../lib/gcc/arm-none-eabi/7.3.1/thumb/v7e-m/fpv4-sp/hard/libgcc.a
LOAD /Applications/STM32CubeIDE.app/Contents/Eclipse/plugins/com.st.stm32cube.ide.mcu.externaltools.gnu-tools-for-stm32.7-2018-q2-update.macos64_1.0.0.201904181610/tools/bin/../lib/gcc/arm-none-eabi/7.3.1/../../../../arm-none-eabi/lib/thumb/v7e-m/fpv4-sp/hard/libc_nano.a
LOAD /Applications/STM32CubeIDE.app/Contents/Eclipse/plugins/com.st.stm32cube.ide.mcu.externaltools.gnu-tools-for-stm32.7-2018-q2-update.macos64_1.0.0.201904181610/tools/bin/../lib/gcc/arm-none-eabi/7.3.1/../../../../arm-none-eabi/lib/thumb/v7e-m/fpv4-sp/hard/libnosys.a
END GROUP
LOAD /Applications/STM32CubeIDE.app/Contents/Eclipse/plugins/com.st.stm32cube.ide.mcu.externaltools.gnu-tools-for-stm32.7-2018-q2-update.macos64_1.0.0.201904181610/tools/bin/../lib/gcc/arm-none-eabi/7.3.1/thumb/v7e-m/fpv4-sp/hard/crtend.o
LOAD /Applications/STM32CubeIDE.app/Contents/Eclipse/plugins/com.st.stm32cube.ide.mcu.externaltools.gnu-tools-for-stm32.7-2018-q2-update.macos64_1.0.0.201904181610/tools/bin/../lib/gcc/arm-none-eabi/7.3.1/thumb/v7e-m/fpv4-sp/hard/crtn.o
                0x0000000020020000                _estack = 0x20020000
                0x0000000000000200                _Min_Heap_Size = 0x200
                0x0000000000000400                _Min_Stack_Size = 0x400

.isr_vector     0x0000000008000000      0x188
                0x0000000008000000                . = ALIGN (0x4)
 *(.isr_vector)
 .isr_vector    0x0000000008000000      0x188 Startup/startup_stm32f407vgtx.o
                0x0000000008000000                g_pfnVectors
                0x0000000008000188                . = ALIGN (0x4)

.text           0x0000000008000188     0xa76c
                0x0000000008000188                . = ALIGN (0x4)
 *(.text)
 .text          0x0000000008000188       0x40 /Applications/STM32CubeIDE.app/Contents/Eclipse/plugins/com.st.stm32cube.ide.mcu.externaltools.gnu-tools-for-stm32.7-2018-q2-update.macos64_1.0.0.201904181610/tools/bin/../lib/gcc/arm-none-eabi/7.3.1/thumb/v7e-m/fpv4-sp/hard/crtbegin.o
 .text          0x00000000080001c8      0x378 /Applications/STM32CubeIDE.app/Contents/Eclipse/plugins/com.st.stm32cube.ide.mcu.externaltools.gnu-tools-for-stm32.7-2018-q2-update.macos64_1.0.0.201904181610/tools/bin/../lib/gcc/arm-none-eabi/7.3.1/thumb/v7e-m/fpv4-sp/hard/libgcc.a(_arm_addsubdf3.o)
                0x00000000080001c8                __aeabi_drsub
                0x00000000080001d0                __subdf3
                0x00000000080001d0                __aeabi_dsub
                0x00000000080001d4                __aeabi_dadd
                0x00000000080001d4                __adddf3
                0x000000000800044c                __aeabi_ui2d
                0x000000000800044c                __floatunsidf
                0x000000000800046c                __floatsidf
                0x000000000800046c                __aeabi_i2d
                0x0000000008000490                __extendsfdf2
                0x0000000008000490                __aeabi_f2d
                0x00000000080004d4                __aeabi_ul2d
                0x00000000080004d4                __floatundidf
                0x00000000080004e4                __aeabi_l2d
                0x00000000080004e4                __floatdidf
 .text          0x0000000008000540      0x424 /Applications/STM32CubeIDE.app/Contents/Eclipse/plugins/com.st.stm32cube.ide.mcu.externaltools.gnu-tools-for-stm32.7-2018-q2-update.macos64_1.0.0.201904181610/tools/bin/../lib/gcc/arm-none-eabi/7.3.1/thumb/v7e-m/fpv4-sp/hard/libgcc.a(_arm_muldivdf3.o)
                0x0000000008000540                __aeabi_dmul
                0x0000000008000540                __muldf3
                0x0000000008000794                __aeabi_ddiv
                0x0000000008000794                __divdf3
 .text          0x0000000008000964       0xa0 /Applications/STM32CubeIDE.app/Contents/Eclipse/plugins/com.st.stm32cube.ide.mcu.externaltools.gnu-tools-for-stm32.7-2018-q2-update.macos64_1.0.0.201904181610/tools/bin/../lib/gcc/arm-none-eabi/7.3.1/thumb/v7e-m/fpv4-sp/hard/libgcc.a(_arm_truncdfsf2.o)
                0x0000000008000964                __aeabi_d2f
                0x0000000008000964                __truncdfsf2
 .text          0x0000000008000a04       0x30 /Applications/STM32CubeIDE.app/Contents/Eclipse/plugins/com.st.stm32cube.ide.mcu.externaltools.gnu-tools-for-stm32.7-2018-q2-update.macos64_1.0.0.201904181610/tools/bin/../lib/gcc/arm-none-eabi/7.3.1/thumb/v7e-m/fpv4-sp/hard/libgcc.a(_aeabi_uldivmod.o)
                0x0000000008000a04                __aeabi_uldivmod
 .text          0x0000000008000a34      0x2cc /Applications/STM32CubeIDE.app/Contents/Eclipse/plugins/com.st.stm32cube.ide.mcu.externaltools.gnu-tools-for-stm32.7-2018-q2-update.macos64_1.0.0.201904181610/tools/bin/../lib/gcc/arm-none-eabi/7.3.1/thumb/v7e-m/fpv4-sp/hard/libgcc.a(_udivmoddi4.o)
                0x0000000008000a34                __udivmoddi4
 .text          0x0000000008000d00        0x4 /Applications/STM32CubeIDE.app/Contents/Eclipse/plugins/com.st.stm32cube.ide.mcu.externaltools.gnu-tools-for-stm32.7-2018-q2-update.macos64_1.0.0.201904181610/tools/bin/../lib/gcc/arm-none-eabi/7.3.1/thumb/v7e-m/fpv4-sp/hard/libgcc.a(_dvmd_tls.o)
                0x0000000008000d00                __aeabi_ldiv0
                0x0000000008000d00                __aeabi_idiv0
 *(.text*)
 .text.cs43l22_Init
                0x0000000008000d04      0x1c8 Drivers/BSP/Components/cs43l22/cs43l22.o
                0x0000000008000d04                cs43l22_Init
 .text.cs43l22_DeInit
                0x0000000008000ecc        0xc Drivers/BSP/Components/cs43l22/cs43l22.o
                0x0000000008000ecc                cs43l22_DeInit
 .text.cs43l22_ReadID
                0x0000000008000ed8       0x30 Drivers/BSP/Components/cs43l22/cs43l22.o
                0x0000000008000ed8                cs43l22_ReadID
 .text.cs43l22_Play
                0x0000000008000f08       0x74 Drivers/BSP/Components/cs43l22/cs43l22.o
                0x0000000008000f08                cs43l22_Play
 .text.cs43l22_Pause
                0x0000000008000f7c       0x42 Drivers/BSP/Components/cs43l22/cs43l22.o
                0x0000000008000f7c                cs43l22_Pause
 *fill*         0x0000000008000fbe        0x2 
 .text.cs43l22_Resume
                0x0000000008000fc0       0x78 Drivers/BSP/Components/cs43l22/cs43l22.o
                0x0000000008000fc0                cs43l22_Resume
 .text.cs43l22_Stop
                0x0000000008001038       0x68 Drivers/BSP/Components/cs43l22/cs43l22.o
                0x0000000008001038                cs43l22_Stop
 .text.cs43l22_SetVolume
                0x00000000080010a0       0xbc Drivers/BSP/Components/cs43l22/cs43l22.o
                0x00000000080010a0                cs43l22_SetVolume
 .text.cs43l22_SetFrequency
                0x000000000800115c       0x1a Drivers/BSP/Components/cs43l22/cs43l22.o
                0x000000000800115c                cs43l22_SetFrequency
 *fill*         0x0000000008001176        0x2 
 .text.cs43l22_SetMute
                0x0000000008001178       0xbc Drivers/BSP/Components/cs43l22/cs43l22.o
                0x0000000008001178                cs43l22_SetMute
 .text.cs43l22_SetOutputMode
                0x0000000008001234       0xe4 Drivers/BSP/Components/cs43l22/cs43l22.o
                0x0000000008001234                cs43l22_SetOutputMode
 .text.cs43l22_Reset
                0x0000000008001318       0x18 Drivers/BSP/Components/cs43l22/cs43l22.o
                0x0000000008001318                cs43l22_Reset
 .text.CODEC_IO_Write
                0x0000000008001330       0x2e Drivers/BSP/Components/cs43l22/cs43l22.o
 *fill*         0x000000000800135e        0x2 
 .text.I2Cx_Init
                0x0000000008001360       0x4c Drivers/BSP/STM32F4-Discovery/stm32f4_discovery.o
 .text.I2Cx_WriteData
                0x00000000080013ac       0x58 Drivers/BSP/STM32F4-Discovery/stm32f4_discovery.o
 .text.I2Cx_ReadData
                0x0000000008001404       0x5c Drivers/BSP/STM32F4-Discovery/stm32f4_discovery.o
 .text.I2Cx_Error
                0x0000000008001460       0x20 Drivers/BSP/STM32F4-Discovery/stm32f4_discovery.o
 .text.I2Cx_MspInit
                0x0000000008001480       0xa8 Drivers/BSP/STM32F4-Discovery/stm32f4_discovery.o
 .text.AUDIO_IO_Init
                0x0000000008001528       0x70 Drivers/BSP/STM32F4-Discovery/stm32f4_discovery.o
                0x0000000008001528                AUDIO_IO_Init
 .text.AUDIO_IO_DeInit
                0x0000000008001598        0xe Drivers/BSP/STM32F4-Discovery/stm32f4_discovery.o
                0x0000000008001598                AUDIO_IO_DeInit
 .text.AUDIO_IO_Write
                0x00000000080015a6       0x26 Drivers/BSP/STM32F4-Discovery/stm32f4_discovery.o
                0x00000000080015a6                AUDIO_IO_Write
 .text.AUDIO_IO_Read
                0x00000000080015cc       0x26 Drivers/BSP/STM32F4-Discovery/stm32f4_discovery.o
                0x00000000080015cc                AUDIO_IO_Read
 *fill*         0x00000000080015f2        0x2 
 .text.BSP_AUDIO_OUT_Init
                0x00000000080015f4       0x9c Drivers/BSP/STM32F4-Discovery/stm32f4_discovery_audio.o
                0x00000000080015f4                BSP_AUDIO_OUT_Init
 .text.BSP_AUDIO_OUT_Play
                0x0000000008001690       0x54 Drivers/BSP/STM32F4-Discovery/stm32f4_discovery_audio.o
                0x0000000008001690                BSP_AUDIO_OUT_Play
 .text.BSP_AUDIO_OUT_ChangeBuffer
                0x00000000080016e4       0x24 Drivers/BSP/STM32F4-Discovery/stm32f4_discovery_audio.o
                0x00000000080016e4                BSP_AUDIO_OUT_ChangeBuffer
 .text.HAL_I2S_TxCpltCallback
                0x0000000008001708       0x24 Drivers/BSP/STM32F4-Discovery/stm32f4_discovery_audio.o
                0x0000000008001708                HAL_I2S_TxCpltCallback
 .text.HAL_I2S_TxHalfCpltCallback
                0x000000000800172c       0x24 Drivers/BSP/STM32F4-Discovery/stm32f4_discovery_audio.o
                0x000000000800172c                HAL_I2S_TxHalfCpltCallback
 .text.BSP_AUDIO_OUT_ClockConfig
                0x0000000008001750       0xb4 Drivers/BSP/STM32F4-Discovery/stm32f4_discovery_audio.o
                0x0000000008001750                BSP_AUDIO_OUT_ClockConfig
 .text.BSP_AUDIO_OUT_MspInit
                0x0000000008001804      0x180 Drivers/BSP/STM32F4-Discovery/stm32f4_discovery_audio.o
                0x0000000008001804                BSP_AUDIO_OUT_MspInit
 .text.I2S3_Init
                0x0000000008001984       0x70 Drivers/BSP/STM32F4-Discovery/stm32f4_discovery_audio.o
 .text.HAL_I2S_RxCpltCallback
                0x00000000080019f4       0x14 Drivers/BSP/STM32F4-Discovery/stm32f4_discovery_audio.o
                0x00000000080019f4                HAL_I2S_RxCpltCallback
 .text.BSP_AUDIO_IN_TransferComplete_CallBack
                0x0000000008001a08        0xe Drivers/BSP/STM32F4-Discovery/stm32f4_discovery_audio.o
                0x0000000008001a08                BSP_AUDIO_IN_TransferComplete_CallBack
 .text.BSP_AUDIO_IN_Error_Callback
                0x0000000008001a16        0xe Drivers/BSP/STM32F4-Discovery/stm32f4_discovery_audio.o
                0x0000000008001a16                BSP_AUDIO_IN_Error_Callback
 .text.HAL_I2S_ErrorCallback
                0x0000000008001a24       0x34 Drivers/BSP/STM32F4-Discovery/stm32f4_discovery_audio.o
                0x0000000008001a24                HAL_I2S_ErrorCallback
 .text.HAL_Init
                0x0000000008001a58       0x44 Drivers/STM32F4xx_HAL_Driver/Src/stm32f4xx_hal.o
                0x0000000008001a58                HAL_Init
 .text.HAL_InitTick
                0x0000000008001a9c       0x60 Drivers/STM32F4xx_HAL_Driver/Src/stm32f4xx_hal.o
                0x0000000008001a9c                HAL_InitTick
 .text.HAL_IncTick
                0x0000000008001afc       0x28 Drivers/STM32F4xx_HAL_Driver/Src/stm32f4xx_hal.o
                0x0000000008001afc                HAL_IncTick
 .text.HAL_GetTick
                0x0000000008001b24       0x18 Drivers/STM32F4xx_HAL_Driver/Src/stm32f4xx_hal.o
                0x0000000008001b24                HAL_GetTick
 .text.HAL_Delay
                0x0000000008001b3c       0x44 Drivers/STM32F4xx_HAL_Driver/Src/stm32f4xx_hal.o
                0x0000000008001b3c                HAL_Delay
 .text.__NVIC_SetPriorityGrouping
                0x0000000008001b80       0x48 Drivers/STM32F4xx_HAL_Driver/Src/stm32f4xx_hal_cortex.o
 .text.__NVIC_GetPriorityGrouping
                0x0000000008001bc8       0x1c Drivers/STM32F4xx_HAL_Driver/Src/stm32f4xx_hal_cortex.o
 .text.__NVIC_EnableIRQ
                0x0000000008001be4       0x3c Drivers/STM32F4xx_HAL_Driver/Src/stm32f4xx_hal_cortex.o
 .text.__NVIC_SetPriority
                0x0000000008001c20       0x54 Drivers/STM32F4xx_HAL_Driver/Src/stm32f4xx_hal_cortex.o
 .text.NVIC_EncodePriority
                0x0000000008001c74       0x66 Drivers/STM32F4xx_HAL_Driver/Src/stm32f4xx_hal_cortex.o
 *fill*         0x0000000008001cda        0x2 
 .text.SysTick_Config
                0x0000000008001cdc       0x44 Drivers/STM32F4xx_HAL_Driver/Src/stm32f4xx_hal_cortex.o
 .text.HAL_NVIC_SetPriorityGrouping
                0x0000000008001d20       0x16 Drivers/STM32F4xx_HAL_Driver/Src/stm32f4xx_hal_cortex.o
                0x0000000008001d20                HAL_NVIC_SetPriorityGrouping
 .text.HAL_NVIC_SetPriority
                0x0000000008001d36       0x38 Drivers/STM32F4xx_HAL_Driver/Src/stm32f4xx_hal_cortex.o
                0x0000000008001d36                HAL_NVIC_SetPriority
 .text.HAL_NVIC_EnableIRQ
                0x0000000008001d6e       0x1c Drivers/STM32F4xx_HAL_Driver/Src/stm32f4xx_hal_cortex.o
                0x0000000008001d6e                HAL_NVIC_EnableIRQ
 .text.HAL_SYSTICK_Config
                0x0000000008001d8a       0x18 Drivers/STM32F4xx_HAL_Driver/Src/stm32f4xx_hal_cortex.o
                0x0000000008001d8a                HAL_SYSTICK_Config
 *fill*         0x0000000008001da2        0x2 
 .text.HAL_DMA_Init
                0x0000000008001da4      0x15c Drivers/STM32F4xx_HAL_Driver/Src/stm32f4xx_hal_dma.o
                0x0000000008001da4                HAL_DMA_Init
 .text.HAL_DMA_DeInit
                0x0000000008001f00       0xbc Drivers/STM32F4xx_HAL_Driver/Src/stm32f4xx_hal_dma.o
                0x0000000008001f00                HAL_DMA_DeInit
 .text.HAL_DMA_Start_IT
                0x0000000008001fbc       0xc0 Drivers/STM32F4xx_HAL_Driver/Src/stm32f4xx_hal_dma.o
                0x0000000008001fbc                HAL_DMA_Start_IT
 .text.HAL_DMA_IRQHandler
                0x000000000800207c      0x314 Drivers/STM32F4xx_HAL_Driver/Src/stm32f4xx_hal_dma.o
                0x000000000800207c                HAL_DMA_IRQHandler
 .text.DMA_SetConfig
                0x0000000008002390       0x5c Drivers/STM32F4xx_HAL_Driver/Src/stm32f4xx_hal_dma.o
 .text.DMA_CalcBaseAndBitshift
                0x00000000080023ec       0x6c Drivers/STM32F4xx_HAL_Driver/Src/stm32f4xx_hal_dma.o
 .text.DMA_CheckFifoParam
                0x0000000008002458       0xf4 Drivers/STM32F4xx_HAL_Driver/Src/stm32f4xx_hal_dma.o
 .text.HAL_GPIO_Init
                0x000000000800254c      0x334 Drivers/STM32F4xx_HAL_Driver/Src/stm32f4xx_hal_gpio.o
                0x000000000800254c                HAL_GPIO_Init
 .text.HAL_GPIO_DeInit
                0x0000000008002880      0x1f4 Drivers/STM32F4xx_HAL_Driver/Src/stm32f4xx_hal_gpio.o
                0x0000000008002880                HAL_GPIO_DeInit
 .text.HAL_GPIO_WritePin
                0x0000000008002a74       0x32 Drivers/STM32F4xx_HAL_Driver/Src/stm32f4xx_hal_gpio.o
                0x0000000008002a74                HAL_GPIO_WritePin
 .text.HAL_GPIO_TogglePin
                0x0000000008002aa6       0x36 Drivers/STM32F4xx_HAL_Driver/Src/stm32f4xx_hal_gpio.o
                0x0000000008002aa6                HAL_GPIO_TogglePin
 .text.HAL_HCD_Init
                0x0000000008002adc       0xc4 Drivers/STM32F4xx_HAL_Driver/Src/stm32f4xx_hal_hcd.o
                0x0000000008002adc                HAL_HCD_Init
 .text.HAL_HCD_HC_Init
                0x0000000008002ba0      0x130 Drivers/STM32F4xx_HAL_Driver/Src/stm32f4xx_hal_hcd.o
                0x0000000008002ba0                HAL_HCD_HC_Init
 .text.HAL_HCD_HC_Halt
                0x0000000008002cd0       0x46 Drivers/STM32F4xx_HAL_Driver/Src/stm32f4xx_hal_hcd.o
                0x0000000008002cd0                HAL_HCD_HC_Halt
 *fill*         0x0000000008002d16        0x2 
 .text.HAL_HCD_HC_SubmitRequest
                0x0000000008002d18      0x2d0 Drivers/STM32F4xx_HAL_Driver/Src/stm32f4xx_hal_hcd.o
                0x0000000008002d18                HAL_HCD_HC_SubmitRequest
 .text.HAL_HCD_IRQHandler
                0x0000000008002fe8      0x20c Drivers/STM32F4xx_HAL_Driver/Src/stm32f4xx_hal_hcd.o
                0x0000000008002fe8                HAL_HCD_IRQHandler
 .text.HAL_HCD_Start
                0x00000000080031f4       0x46 Drivers/STM32F4xx_HAL_Driver/Src/stm32f4xx_hal_hcd.o
                0x00000000080031f4                HAL_HCD_Start
 .text.HAL_HCD_Stop
                0x000000000800323a       0x3a Drivers/STM32F4xx_HAL_Driver/Src/stm32f4xx_hal_hcd.o
                0x000000000800323a                HAL_HCD_Stop
 .text.HAL_HCD_ResetPort
                0x0000000008003274       0x1c Drivers/STM32F4xx_HAL_Driver/Src/stm32f4xx_hal_hcd.o
                0x0000000008003274                HAL_HCD_ResetPort
 .text.HAL_HCD_HC_GetURBState
                0x0000000008003290       0x2a Drivers/STM32F4xx_HAL_Driver/Src/stm32f4xx_hal_hcd.o
                0x0000000008003290                HAL_HCD_HC_GetURBState
 .text.HAL_HCD_HC_GetXferCount
                0x00000000080032ba       0x2a Drivers/STM32F4xx_HAL_Driver/Src/stm32f4xx_hal_hcd.o
                0x00000000080032ba                HAL_HCD_HC_GetXferCount
 .text.HAL_HCD_GetCurrentFrame
                0x00000000080032e4       0x1c Drivers/STM32F4xx_HAL_Driver/Src/stm32f4xx_hal_hcd.o
                0x00000000080032e4                HAL_HCD_GetCurrentFrame
 .text.HAL_HCD_GetCurrentSpeed
                0x0000000008003300       0x1c Drivers/STM32F4xx_HAL_Driver/Src/stm32f4xx_hal_hcd.o
                0x0000000008003300                HAL_HCD_GetCurrentSpeed
 .text.HCD_HC_IN_IRQHandler
                0x000000000800331c      0x72e Drivers/STM32F4xx_HAL_Driver/Src/stm32f4xx_hal_hcd.o
 .text.HCD_HC_OUT_IRQHandler
                0x0000000008003a4a      0x6ea Drivers/STM32F4xx_HAL_Driver/Src/stm32f4xx_hal_hcd.o
 .text.HCD_RXQLVL_IRQHandler
                0x0000000008004134      0x158 Drivers/STM32F4xx_HAL_Driver/Src/stm32f4xx_hal_hcd.o
 .text.HCD_Port_IRQHandler
                0x000000000800428c      0x120 Drivers/STM32F4xx_HAL_Driver/Src/stm32f4xx_hal_hcd.o
 .text.HAL_I2C_Init
                0x00000000080043ac      0x250 Drivers/STM32F4xx_HAL_Driver/Src/stm32f4xx_hal_i2c.o
                0x00000000080043ac                HAL_I2C_Init
 .text.HAL_I2C_DeInit
                0x00000000080045fc       0x5e Drivers/STM32F4xx_HAL_Driver/Src/stm32f4xx_hal_i2c.o
                0x00000000080045fc                HAL_I2C_DeInit
 *fill*         0x000000000800465a        0x2 
 .text.HAL_I2C_Mem_Write
                0x000000000800465c      0x1f4 Drivers/STM32F4xx_HAL_Driver/Src/stm32f4xx_hal_i2c.o
                0x000000000800465c                HAL_I2C_Mem_Write
 .text.HAL_I2C_Mem_Read
                0x0000000008004850      0x44c Drivers/STM32F4xx_HAL_Driver/Src/stm32f4xx_hal_i2c.o
                0x0000000008004850                HAL_I2C_Mem_Read
 .text.HAL_I2C_GetState
                0x0000000008004c9c       0x1c Drivers/STM32F4xx_HAL_Driver/Src/stm32f4xx_hal_i2c.o
                0x0000000008004c9c                HAL_I2C_GetState
 .text.I2C_RequestMemoryWrite
                0x0000000008004cb8      0x114 Drivers/STM32F4xx_HAL_Driver/Src/stm32f4xx_hal_i2c.o
 .text.I2C_RequestMemoryRead
                0x0000000008004dcc      0x1a0 Drivers/STM32F4xx_HAL_Driver/Src/stm32f4xx_hal_i2c.o
 .text.I2C_WaitOnFlagUntilTimeout
                0x0000000008004f6c       0xae Drivers/STM32F4xx_HAL_Driver/Src/stm32f4xx_hal_i2c.o
 .text.I2C_WaitOnMasterAddressFlagUntilTimeout
                0x000000000800501a       0xfe Drivers/STM32F4xx_HAL_Driver/Src/stm32f4xx_hal_i2c.o
 .text.I2C_WaitOnTXEFlagUntilTimeout
                0x0000000008005118       0x82 Drivers/STM32F4xx_HAL_Driver/Src/stm32f4xx_hal_i2c.o
 .text.I2C_WaitOnBTFFlagUntilTimeout
                0x000000000800519a       0x82 Drivers/STM32F4xx_HAL_Driver/Src/stm32f4xx_hal_i2c.o
 .text.I2C_WaitOnRXNEFlagUntilTimeout
                0x000000000800521c       0xac Drivers/STM32F4xx_HAL_Driver/Src/stm32f4xx_hal_i2c.o
 .text.I2C_IsAcknowledgeFailed
                0x00000000080052c8       0x5e Drivers/STM32F4xx_HAL_Driver/Src/stm32f4xx_hal_i2c.o
 *fill*         0x0000000008005326        0x2 
 .text.HAL_I2S_Init
                0x0000000008005328      0x280 Drivers/STM32F4xx_HAL_Driver/Src/stm32f4xx_hal_i2s.o
                0x0000000008005328                HAL_I2S_Init
 .text.HAL_I2S_Transmit_DMA
                0x00000000080055a8      0x150 Drivers/STM32F4xx_HAL_Driver/Src/stm32f4xx_hal_i2s.o
                0x00000000080055a8                HAL_I2S_Transmit_DMA
 .text.HAL_I2S_GetState
                0x00000000080056f8       0x1c Drivers/STM32F4xx_HAL_Driver/Src/stm32f4xx_hal_i2s.o
                0x00000000080056f8                HAL_I2S_GetState
 .text.I2S_DMATxCplt
                0x0000000008005714       0x42 Drivers/STM32F4xx_HAL_Driver/Src/stm32f4xx_hal_i2s.o
 .text.I2S_DMATxHalfCplt
                0x0000000008005756       0x1c Drivers/STM32F4xx_HAL_Driver/Src/stm32f4xx_hal_i2s.o
 .text.I2S_DMAError
                0x0000000008005772       0x4c Drivers/STM32F4xx_HAL_Driver/Src/stm32f4xx_hal_i2s.o
 .text.I2S_Transmit_IT
                0x00000000080057be       0x5c Drivers/STM32F4xx_HAL_Driver/Src/stm32f4xx_hal_i2s.o
 .text.I2S_Receive_IT
                0x000000000800581a       0x5e Drivers/STM32F4xx_HAL_Driver/Src/stm32f4xx_hal_i2s.o
 .text.I2S_IRQHandler
                0x0000000008005878      0x114 Drivers/STM32F4xx_HAL_Driver/Src/stm32f4xx_hal_i2s.o
 .text.HAL_I2SEx_FullDuplex_IRQHandler
                0x000000000800598c      0x2a8 Drivers/STM32F4xx_HAL_Driver/Src/stm32f4xx_hal_i2s_ex.o
                0x000000000800598c                HAL_I2SEx_FullDuplex_IRQHandler
 .text.HAL_I2SEx_TxRxCpltCallback
                0x0000000008005c34       0x14 Drivers/STM32F4xx_HAL_Driver/Src/stm32f4xx_hal_i2s_ex.o
                0x0000000008005c34                HAL_I2SEx_TxRxCpltCallback
 .text.I2SEx_TxISR_I2S
                0x0000000008005c48       0x62 Drivers/STM32F4xx_HAL_Driver/Src/stm32f4xx_hal_i2s_ex.o
 *fill*         0x0000000008005caa        0x2 
 .text.I2SEx_TxISR_I2SExt
                0x0000000008005cac       0x98 Drivers/STM32F4xx_HAL_Driver/Src/stm32f4xx_hal_i2s_ex.o
 .text.I2SEx_RxISR_I2S
                0x0000000008005d44       0x64 Drivers/STM32F4xx_HAL_Driver/Src/stm32f4xx_hal_i2s_ex.o
 .text.I2SEx_RxISR_I2SExt
                0x0000000008005da8       0x98 Drivers/STM32F4xx_HAL_Driver/Src/stm32f4xx_hal_i2s_ex.o
 .text.HAL_RCC_OscConfig
                0x0000000008005e40      0x484 Drivers/STM32F4xx_HAL_Driver/Src/stm32f4xx_hal_rcc.o
                0x0000000008005e40                HAL_RCC_OscConfig
 .text.HAL_RCC_ClockConfig
                0x00000000080062c4      0x1c4 Drivers/STM32F4xx_HAL_Driver/Src/stm32f4xx_hal_rcc.o
                0x00000000080062c4                HAL_RCC_ClockConfig
 .text.HAL_RCC_GetSysClockFreq
                0x0000000008006488      0x1b0 Drivers/STM32F4xx_HAL_Driver/Src/stm32f4xx_hal_rcc.o
                0x0000000008006488                HAL_RCC_GetSysClockFreq
 .text.HAL_RCC_GetHCLKFreq
                0x0000000008006638       0x18 Drivers/STM32F4xx_HAL_Driver/Src/stm32f4xx_hal_rcc.o
                0x0000000008006638                HAL_RCC_GetHCLKFreq
 .text.HAL_RCC_GetPCLK1Freq
                0x0000000008006650       0x28 Drivers/STM32F4xx_HAL_Driver/Src/stm32f4xx_hal_rcc.o
                0x0000000008006650                HAL_RCC_GetPCLK1Freq
 .text.HAL_RCCEx_PeriphCLKConfig
                0x0000000008006678      0x1c4 Drivers/STM32F4xx_HAL_Driver/Src/stm32f4xx_hal_rcc_ex.o
                0x0000000008006678                HAL_RCCEx_PeriphCLKConfig
 .text.HAL_RCCEx_GetPeriphCLKConfig
                0x000000000800683c       0x58 Drivers/STM32F4xx_HAL_Driver/Src/stm32f4xx_hal_rcc_ex.o
                0x000000000800683c                HAL_RCCEx_GetPeriphCLKConfig
 .text.HAL_RCCEx_GetPeriphCLKFreq
                0x0000000008006894       0xb8 Drivers/STM32F4xx_HAL_Driver/Src/stm32f4xx_hal_rcc_ex.o
                0x0000000008006894                HAL_RCCEx_GetPeriphCLKFreq
 .text.USB_CoreInit
                0x000000000800694c       0xc2 Drivers/STM32F4xx_HAL_Driver/Src/stm32f4xx_ll_usb.o
                0x000000000800694c                USB_CoreInit
 .text.USB_EnableGlobalInt
                0x0000000008006a0e       0x22 Drivers/STM32F4xx_HAL_Driver/Src/stm32f4xx_ll_usb.o
                0x0000000008006a0e                USB_EnableGlobalInt
 .text.USB_DisableGlobalInt
                0x0000000008006a30       0x22 Drivers/STM32F4xx_HAL_Driver/Src/stm32f4xx_ll_usb.o
                0x0000000008006a30                USB_DisableGlobalInt
 .text.USB_SetCurrentMode
                0x0000000008006a52       0x54 Drivers/STM32F4xx_HAL_Driver/Src/stm32f4xx_ll_usb.o
                0x0000000008006a52                USB_SetCurrentMode
 *fill*         0x0000000008006aa6        0x2 
 .text.USB_FlushTxFifo
                0x0000000008006aa8       0x4c Drivers/STM32F4xx_HAL_Driver/Src/stm32f4xx_ll_usb.o
                0x0000000008006aa8                USB_FlushTxFifo
 .text.USB_FlushRxFifo
                0x0000000008006af4       0x44 Drivers/STM32F4xx_HAL_Driver/Src/stm32f4xx_ll_usb.o
                0x0000000008006af4                USB_FlushRxFifo
 .text.USB_WritePacket
                0x0000000008006b38       0x6a Drivers/STM32F4xx_HAL_Driver/Src/stm32f4xx_ll_usb.o
                0x0000000008006b38                USB_WritePacket
 .text.USB_ReadPacket
                0x0000000008006ba2       0x52 Drivers/STM32F4xx_HAL_Driver/Src/stm32f4xx_ll_usb.o
                0x0000000008006ba2                USB_ReadPacket
 .text.USB_ReadInterrupts
                0x0000000008006bf4       0x26 Drivers/STM32F4xx_HAL_Driver/Src/stm32f4xx_ll_usb.o
                0x0000000008006bf4                USB_ReadInterrupts
 .text.USB_GetMode
                0x0000000008006c1a       0x1c Drivers/STM32F4xx_HAL_Driver/Src/stm32f4xx_ll_usb.o
                0x0000000008006c1a                USB_GetMode
 *fill*         0x0000000008006c36        0x2 
 .text.USB_CoreReset
                0x0000000008006c38       0x68 Drivers/STM32F4xx_HAL_Driver/Src/stm32f4xx_ll_usb.o
 .text.USB_HostInit
                0x0000000008006ca0      0x178 Drivers/STM32F4xx_HAL_Driver/Src/stm32f4xx_ll_usb.o
                0x0000000008006ca0                USB_HostInit
 .text.USB_InitFSLSPClkSel
                0x0000000008006e18       0x74 Drivers/STM32F4xx_HAL_Driver/Src/stm32f4xx_ll_usb.o
                0x0000000008006e18                USB_InitFSLSPClkSel
 .text.USB_ResetPort
                0x0000000008006e8c       0x54 Drivers/STM32F4xx_HAL_Driver/Src/stm32f4xx_ll_usb.o
                0x0000000008006e8c                USB_ResetPort
 .text.USB_DriveVbus
                0x0000000008006ee0       0x72 Drivers/STM32F4xx_HAL_Driver/Src/stm32f4xx_ll_usb.o
                0x0000000008006ee0                USB_DriveVbus
 .text.USB_GetHostSpeed
                0x0000000008006f52       0x2e Drivers/STM32F4xx_HAL_Driver/Src/stm32f4xx_ll_usb.o
                0x0000000008006f52                USB_GetHostSpeed
 .text.USB_GetCurrentFrame
                0x0000000008006f80       0x22 Drivers/STM32F4xx_HAL_Driver/Src/stm32f4xx_ll_usb.o
                0x0000000008006f80                USB_GetCurrentFrame
 *fill*         0x0000000008006fa2        0x2 
 .text.USB_HC_Init
                0x0000000008006fa4      0x214 Drivers/STM32F4xx_HAL_Driver/Src/stm32f4xx_ll_usb.o
                0x0000000008006fa4                USB_HC_Init
 .text.USB_HC_StartXfer
                0x00000000080071b8      0x288 Drivers/STM32F4xx_HAL_Driver/Src/stm32f4xx_ll_usb.o
                0x00000000080071b8                USB_HC_StartXfer
 .text.USB_HC_ReadInterrupt
                0x0000000008007440       0x22 Drivers/STM32F4xx_HAL_Driver/Src/stm32f4xx_ll_usb.o
                0x0000000008007440                USB_HC_ReadInterrupt
 .text.USB_HC_Halt
                0x0000000008007462      0x1fe Drivers/STM32F4xx_HAL_Driver/Src/stm32f4xx_ll_usb.o
                0x0000000008007462                USB_HC_Halt
 .text.USB_DoPing
                0x0000000008007660       0x78 Drivers/STM32F4xx_HAL_Driver/Src/stm32f4xx_ll_usb.o
                0x0000000008007660                USB_DoPing
 .text.USB_StopHost
                0x00000000080076d8      0x10c Drivers/STM32F4xx_HAL_Driver/Src/stm32f4xx_ll_usb.o
                0x00000000080076d8                USB_StopHost
 .text.USBH_Init
                0x00000000080077e4       0x54 Middlewares/ST/STM32_USB_Host_Library/Core/Src/usbh_core.o
                0x00000000080077e4                USBH_Init
 .text.DeInitStateMachine
                0x0000000008007838       0x92 Middlewares/ST/STM32_USB_Host_Library/Core/Src/usbh_core.o
 .text.USBH_RegisterClass
                0x00000000080078ca       0x58 Middlewares/ST/STM32_USB_Host_Library/Core/Src/usbh_core.o
                0x00000000080078ca                USBH_RegisterClass
 .text.USBH_SelectInterface
                0x0000000008007922       0x38 Middlewares/ST/STM32_USB_Host_Library/Core/Src/usbh_core.o
                0x0000000008007922                USBH_SelectInterface
 .text.USBH_FindInterface
                0x000000000800795a       0x8c Middlewares/ST/STM32_USB_Host_Library/Core/Src/usbh_core.o
                0x000000000800795a                USBH_FindInterface
 .text.USBH_Start
                0x00000000080079e6       0x20 Middlewares/ST/STM32_USB_Host_Library/Core/Src/usbh_core.o
                0x00000000080079e6                USBH_Start
 *fill*         0x0000000008007a06        0x2 
 .text.USBH_Process
                0x0000000008007a08      0x314 Middlewares/ST/STM32_USB_Host_Library/Core/Src/usbh_core.o
                0x0000000008007a08                USBH_Process
 .text.USBH_HandleEnum
                0x0000000008007d1c      0x234 Middlewares/ST/STM32_USB_Host_Library/Core/Src/usbh_core.o
 .text.USBH_LL_SetTimer
                0x0000000008007f50       0x1e Middlewares/ST/STM32_USB_Host_Library/Core/Src/usbh_core.o
                0x0000000008007f50                USBH_LL_SetTimer
 .text.USBH_LL_IncTimer
                0x0000000008007f6e       0x24 Middlewares/ST/STM32_USB_Host_Library/Core/Src/usbh_core.o
                0x0000000008007f6e                USBH_LL_IncTimer
 .text.USBH_HandleSof
                0x0000000008007f92       0x30 Middlewares/ST/STM32_USB_Host_Library/Core/Src/usbh_core.o
 .text.USBH_LL_PortEnabled
                0x0000000008007fc2       0x1c Middlewares/ST/STM32_USB_Host_Library/Core/Src/usbh_core.o
                0x0000000008007fc2                USBH_LL_PortEnabled
 .text.USBH_LL_PortDisabled
                0x0000000008007fde       0x1c Middlewares/ST/STM32_USB_Host_Library/Core/Src/usbh_core.o
                0x0000000008007fde                USBH_LL_PortDisabled
 .text.USBH_IsPortEnabled
                0x0000000008007ffa       0x1a Middlewares/ST/STM32_USB_Host_Library/Core/Src/usbh_core.o
                0x0000000008007ffa                USBH_IsPortEnabled
 .text.USBH_LL_Connect
                0x0000000008008014       0x4c Middlewares/ST/STM32_USB_Host_Library/Core/Src/usbh_core.o
                0x0000000008008014                USBH_LL_Connect
 .text.USBH_LL_Disconnect
                0x0000000008008060       0x5a Middlewares/ST/STM32_USB_Host_Library/Core/Src/usbh_core.o
                0x0000000008008060                USBH_LL_Disconnect
 .text.USBH_Get_DevDesc
                0x00000000080080ba       0x4e Middlewares/ST/STM32_USB_Host_Library/Core/Src/usbh_ctlreq.o
                0x00000000080080ba                USBH_Get_DevDesc
 .text.USBH_Get_CfgDesc
                0x0000000008008108       0x48 Middlewares/ST/STM32_USB_Host_Library/Core/Src/usbh_ctlreq.o
                0x0000000008008108                USBH_Get_CfgDesc
 .text.USBH_Get_StringDesc
                0x0000000008008150       0x54 Middlewares/ST/STM32_USB_Host_Library/Core/Src/usbh_ctlreq.o
                0x0000000008008150                USBH_Get_StringDesc
 .text.USBH_GetDescriptor
                0x00000000080081a4       0x6a Middlewares/ST/STM32_USB_Host_Library/Core/Src/usbh_ctlreq.o
                0x00000000080081a4                USBH_GetDescriptor
 .text.USBH_SetAddress
                0x000000000800820e       0x48 Middlewares/ST/STM32_USB_Host_Library/Core/Src/usbh_ctlreq.o
                0x000000000800820e                USBH_SetAddress
 .text.USBH_SetCfg
                0x0000000008008256       0x46 Middlewares/ST/STM32_USB_Host_Library/Core/Src/usbh_ctlreq.o
                0x0000000008008256                USBH_SetCfg
 .text.USBH_SetFeature
                0x000000000800829c       0x48 Middlewares/ST/STM32_USB_Host_Library/Core/Src/usbh_ctlreq.o
                0x000000000800829c                USBH_SetFeature
 .text.USBH_ClrFeature
                0x00000000080082e4       0x48 Middlewares/ST/STM32_USB_Host_Library/Core/Src/usbh_ctlreq.o
                0x00000000080082e4                USBH_ClrFeature
 .text.USBH_ParseDevDesc
                0x000000000800832c       0xe0 Middlewares/ST/STM32_USB_Host_Library/Core/Src/usbh_ctlreq.o
 .text.USBH_ParseCfgDesc
                0x000000000800840c      0x144 Middlewares/ST/STM32_USB_Host_Library/Core/Src/usbh_ctlreq.o
 .text.USBH_ParseInterfaceDesc
                0x0000000008008550       0x5e Middlewares/ST/STM32_USB_Host_Library/Core/Src/usbh_ctlreq.o
 .text.USBH_ParseEPDesc
                0x00000000080085ae       0x5a Middlewares/ST/STM32_USB_Host_Library/Core/Src/usbh_ctlreq.o
 .text.USBH_ParseStringDesc
                0x0000000008008608       0x66 Middlewares/ST/STM32_USB_Host_Library/Core/Src/usbh_ctlreq.o
 .text.USBH_GetNextDesc
                0x000000000800866e       0x36 Middlewares/ST/STM32_USB_Host_Library/Core/Src/usbh_ctlreq.o
                0x000000000800866e                USBH_GetNextDesc
 .text.USBH_CtlReq
                0x00000000080086a4       0x94 Middlewares/ST/STM32_USB_Host_Library/Core/Src/usbh_ctlreq.o
                0x00000000080086a4                USBH_CtlReq
 .text.USBH_HandleControl
                0x0000000008008738      0x2d4 Middlewares/ST/STM32_USB_Host_Library/Core/Src/usbh_ctlreq.o
 .text.USBH_CtlSendSetup
                0x0000000008008a0c       0x34 Middlewares/ST/STM32_USB_Host_Library/Core/Src/usbh_ioreq.o
                0x0000000008008a0c                USBH_CtlSendSetup
 .text.USBH_CtlSendData
                0x0000000008008a40       0x4a Middlewares/ST/STM32_USB_Host_Library/Core/Src/usbh_ioreq.o
                0x0000000008008a40                USBH_CtlSendData
 .text.USBH_CtlReceiveData
                0x0000000008008a8a       0x3c Middlewares/ST/STM32_USB_Host_Library/Core/Src/usbh_ioreq.o
                0x0000000008008a8a                USBH_CtlReceiveData
 .text.USBH_BulkSendData
                0x0000000008008ac6       0x4a Middlewares/ST/STM32_USB_Host_Library/Core/Src/usbh_ioreq.o
                0x0000000008008ac6                USBH_BulkSendData
 .text.USBH_BulkReceiveData
                0x0000000008008b10       0x3c Middlewares/ST/STM32_USB_Host_Library/Core/Src/usbh_ioreq.o
                0x0000000008008b10                USBH_BulkReceiveData
 .text.USBH_OpenPipe
                0x0000000008008b4c       0x3e Middlewares/ST/STM32_USB_Host_Library/Core/Src/usbh_pipes.o
                0x0000000008008b4c                USBH_OpenPipe
 .text.USBH_ClosePipe
                0x0000000008008b8a       0x20 Middlewares/ST/STM32_USB_Host_Library/Core/Src/usbh_pipes.o
                0x0000000008008b8a                USBH_ClosePipe
 .text.USBH_AllocPipe
                0x0000000008008baa       0x3e Middlewares/ST/STM32_USB_Host_Library/Core/Src/usbh_pipes.o
                0x0000000008008baa                USBH_AllocPipe
 .text.USBH_FreePipe
                0x0000000008008be8       0x3c Middlewares/ST/STM32_USB_Host_Library/Core/Src/usbh_pipes.o
                0x0000000008008be8                USBH_FreePipe
 .text.USBH_GetFreePipe
                0x0000000008008c24       0x48 Middlewares/ST/STM32_USB_Host_Library/Core/Src/usbh_pipes.o
 .text.MIDI_Application
                0x0000000008008c6c       0x40 Src/MIDI_application.o
                0x0000000008008c6c                MIDI_Application
 .text.ProcessReceivedMidiDatas
                0x0000000008008cac       0x84 Src/MIDI_application.o
                0x0000000008008cac                ProcessReceivedMidiDatas
 .text.USBH_MIDI_ReceiveCallback
                0x0000000008008d30       0x28 Src/MIDI_application.o
                0x0000000008008d30                USBH_MIDI_ReceiveCallback
 .text.main     0x0000000008008d58      0x110 Src/main.o
                0x0000000008008d58                main
 .text.SystemClock_Config
                0x0000000008008e68      0x104 Src/main.o
                0x0000000008008e68                SystemClock_Config
 .text.MX_GPIO_Init
                0x0000000008008f6c      0x1fc Src/main.o
 .text.ProcessMIDI
                0x0000000008009168      0x274 Src/main.o
                0x0000000008009168                ProcessMIDI
 .text.audioBlock
                0x00000000080093dc      0x354 Src/main.o
                0x00000000080093dc                audioBlock
 .text.BSP_AUDIO_OUT_HalfTransfer_CallBack
                0x0000000008009730       0x8c Src/main.o
                0x0000000008009730                BSP_AUDIO_OUT_HalfTransfer_CallBack
 .text.BSP_AUDIO_OUT_TransferComplete_CallBack
                0x00000000080097bc       0x94 Src/main.o
                0x00000000080097bc                BSP_AUDIO_OUT_TransferComplete_CallBack
 .text.BSP_AUDIO_OUT_Error_CallBack
                0x0000000008009850        0x6 Src/main.o
                0x0000000008009850                BSP_AUDIO_OUT_Error_CallBack
 *fill*         0x0000000008009856        0x2 
 .text.DMA1_Stream7_IRQHandler
                0x0000000008009858       0x18 Src/main.o
                0x0000000008009858                DMA1_Stream7_IRQHandler
 .text.DMA1_Stream3_IRQHandler
                0x0000000008009870       0x18 Src/main.o
                0x0000000008009870                DMA1_Stream3_IRQHandler
 .text.USBH_UserProcess_callback
                0x0000000008009888       0xa4 Src/main.o
 .text.Error_Handler
                0x000000000800992c        0xe Src/main.o
                0x000000000800992c                Error_Handler
 *fill*         0x000000000800993a        0x2 
 .text.HAL_MspInit
                0x000000000800993c       0x50 Src/stm32f4xx_hal_msp.o
                0x000000000800993c                HAL_MspInit
 .text.HAL_I2C_MspInit
                0x000000000800998c       0x90 Src/stm32f4xx_hal_msp.o
                0x000000000800998c                HAL_I2C_MspInit
 .text.HAL_I2C_MspDeInit
                0x0000000008009a1c       0x3c Src/stm32f4xx_hal_msp.o
                0x0000000008009a1c                HAL_I2C_MspDeInit
 .text.HAL_I2S_MspInit
                0x0000000008009a58       0xd0 Src/stm32f4xx_hal_msp.o
                0x0000000008009a58                HAL_I2S_MspInit
 .text.NMI_Handler
                0x0000000008009b28        0xe Src/stm32f4xx_it.o
                0x0000000008009b28                NMI_Handler
 .text.HardFault_Handler
                0x0000000008009b36        0x6 Src/stm32f4xx_it.o
                0x0000000008009b36                HardFault_Handler
 .text.MemManage_Handler
                0x0000000008009b3c        0x6 Src/stm32f4xx_it.o
                0x0000000008009b3c                MemManage_Handler
 .text.BusFault_Handler
                0x0000000008009b42        0x6 Src/stm32f4xx_it.o
                0x0000000008009b42                BusFault_Handler
 .text.UsageFault_Handler
                0x0000000008009b48        0x6 Src/stm32f4xx_it.o
                0x0000000008009b48                UsageFault_Handler
 .text.SVC_Handler
                0x0000000008009b4e        0xe Src/stm32f4xx_it.o
                0x0000000008009b4e                SVC_Handler
 .text.DebugMon_Handler
                0x0000000008009b5c        0xe Src/stm32f4xx_it.o
                0x0000000008009b5c                DebugMon_Handler
 .text.PendSV_Handler
                0x0000000008009b6a        0xe Src/stm32f4xx_it.o
                0x0000000008009b6a                PendSV_Handler
 .text.SysTick_Handler
                0x0000000008009b78        0xc Src/stm32f4xx_it.o
                0x0000000008009b78                SysTick_Handler
 .text.OTG_FS_IRQHandler
                0x0000000008009b84       0x14 Src/stm32f4xx_it.o
                0x0000000008009b84                OTG_FS_IRQHandler
 .text._sbrk    0x0000000008009b98       0x58 Src/sysmem.o
                0x0000000008009b98                _sbrk
 .text.SystemInit
                0x0000000008009bf0       0x6c Src/system_stm32f4xx.o
                0x0000000008009bf0                SystemInit
 .text.USBH_MIDI_InterfaceInit
                0x0000000008009c5c      0x21c Src/usbh_MIDI.o
 .text.USBH_MIDI_InterfaceDeInit
                0x0000000008009e78       0x8c Src/usbh_MIDI.o
 .text.USBH_MIDI_ClassRequest
                0x0000000008009f04       0x1e Src/usbh_MIDI.o
 .text.USBH_MIDI_Stop
                0x0000000008009f22       0x44 Src/usbh_MIDI.o
                0x0000000008009f22                USBH_MIDI_Stop
 .text.USBH_MIDI_Process
                0x0000000008009f66       0x64 Src/usbh_MIDI.o
 .text.USBH_MIDI_SOFProcess
                0x0000000008009fca       0x16 Src/usbh_MIDI.o
 .text.USBH_MIDI_GetLastReceivedDataSize
                0x0000000008009fe0       0x38 Src/usbh_MIDI.o
                0x0000000008009fe0                USBH_MIDI_GetLastReceivedDataSize
 .text.USBH_MIDI_Receive
                0x000000000800a018       0x56 Src/usbh_MIDI.o
                0x000000000800a018                USBH_MIDI_Receive
 .text.MIDI_ProcessTransmission
                0x000000000800a06e       0xe6 Src/usbh_MIDI.o
 .text.MIDI_ProcessReception
                0x000000000800a154       0xb4 Src/usbh_MIDI.o
 .text.USBH_MIDI_TransmitCallback
                0x000000000800a208       0x14 Src/usbh_MIDI.o
                0x000000000800a208                USBH_MIDI_TransmitCallback
 .text.HAL_HCD_MspInit
                0x000000000800a21c       0xf8 Src/usbh_conf.o
                0x000000000800a21c                HAL_HCD_MspInit
 .text.HAL_HCD_SOF_Callback
                0x000000000800a314       0x1c Src/usbh_conf.o
                0x000000000800a314                HAL_HCD_SOF_Callback
 .text.HAL_HCD_Connect_Callback
                0x000000000800a330       0x1c Src/usbh_conf.o
                0x000000000800a330                HAL_HCD_Connect_Callback
 .text.HAL_HCD_Disconnect_Callback
                0x000000000800a34c       0x1c Src/usbh_conf.o
                0x000000000800a34c                HAL_HCD_Disconnect_Callback
 .text.HAL_HCD_PortEnabled_Callback
                0x000000000800a368       0x1c Src/usbh_conf.o
                0x000000000800a368                HAL_HCD_PortEnabled_Callback
 .text.HAL_HCD_PortDisabled_Callback
                0x000000000800a384       0x1c Src/usbh_conf.o
                0x000000000800a384                HAL_HCD_PortDisabled_Callback
 .text.HAL_HCD_HC_NotifyURBChange_Callback
                0x000000000800a3a0       0x1c Src/usbh_conf.o
                0x000000000800a3a0                HAL_HCD_HC_NotifyURBChange_Callback
 .text.USBH_LL_Init
                0x000000000800a3bc       0x7c Src/usbh_conf.o
                0x000000000800a3bc                USBH_LL_Init
 .text.USBH_LL_Start
                0x000000000800a438       0x1e Src/usbh_conf.o
                0x000000000800a438                USBH_LL_Start
 .text.USBH_LL_Stop
                0x000000000800a456       0x1e Src/usbh_conf.o
                0x000000000800a456                USBH_LL_Stop
 .text.USBH_LL_GetSpeed
                0x000000000800a474       0x4a Src/usbh_conf.o
                0x000000000800a474                USBH_LL_GetSpeed
 .text.USBH_LL_ResetPort
                0x000000000800a4be       0x1e Src/usbh_conf.o
                0x000000000800a4be                USBH_LL_ResetPort
 .text.USBH_LL_GetLastXferSize
                0x000000000800a4dc       0x26 Src/usbh_conf.o
                0x000000000800a4dc                USBH_LL_GetLastXferSize
 .text.USBH_LL_OpenPipe
                0x000000000800a502       0x42 Src/usbh_conf.o
                0x000000000800a502                USBH_LL_OpenPipe
 .text.USBH_LL_ClosePipe
                0x000000000800a544       0x26 Src/usbh_conf.o
                0x000000000800a544                USBH_LL_ClosePipe
 .text.USBH_LL_SubmitURB
                0x000000000800a56a       0x48 Src/usbh_conf.o
                0x000000000800a56a                USBH_LL_SubmitURB
 .text.USBH_LL_GetURBState
                0x000000000800a5b2       0x26 Src/usbh_conf.o
                0x000000000800a5b2                USBH_LL_GetURBState
 .text.USBH_LL_DriverVBUS
                0x000000000800a5d8       0x3c Src/usbh_conf.o
                0x000000000800a5d8                USBH_LL_DriverVBUS
 .text.USBH_LL_SetToggle
                0x000000000800a614       0x64 Src/usbh_conf.o
                0x000000000800a614                USBH_LL_SetToggle
 .text.USBH_Delay
                0x000000000800a678       0x16 Src/usbh_conf.o
                0x000000000800a678                USBH_Delay
 *fill*         0x000000000800a68e        0x2 
 .text.Reset_Handler
                0x000000000800a690       0x50 Startup/startup_stm32f407vgtx.o
                0x000000000800a690                Reset_Handler
 .text.Default_Handler
                0x000000000800a6e0        0x2 Startup/startup_stm32f407vgtx.o
                0x000000000800a6e0                DMA2_Stream6_IRQHandler
                0x000000000800a6e0                HASH_RNG_IRQHandler
                0x000000000800a6e0                EXTI2_IRQHandler
                0x000000000800a6e0                TIM8_CC_IRQHandler
                0x000000000800a6e0                TIM1_CC_IRQHandler
                0x000000000800a6e0                DMA2_Stream5_IRQHandler
                0x000000000800a6e0                DMA1_Stream5_IRQHandler
                0x000000000800a6e0                PVD_IRQHandler
                0x000000000800a6e0                SDIO_IRQHandler
                0x000000000800a6e0                TAMP_STAMP_IRQHandler
                0x000000000800a6e0                CAN2_RX1_IRQHandler
                0x000000000800a6e0                EXTI3_IRQHandler
                0x000000000800a6e0                TIM8_TRG_COM_TIM14_IRQHandler
                0x000000000800a6e0                TIM1_UP_TIM10_IRQHandler
                0x000000000800a6e0                TIM8_UP_TIM13_IRQHandler
                0x000000000800a6e0                I2C3_ER_IRQHandler
                0x000000000800a6e0                EXTI0_IRQHandler
                0x000000000800a6e0                I2C2_EV_IRQHandler
                0x000000000800a6e0                DMA1_Stream2_IRQHandler
                0x000000000800a6e0                CAN1_RX0_IRQHandler
                0x000000000800a6e0                FPU_IRQHandler
                0x000000000800a6e0                OTG_HS_WKUP_IRQHandler
                0x000000000800a6e0                CAN2_SCE_IRQHandler
                0x000000000800a6e0                DMA2_Stream2_IRQHandler
                0x000000000800a6e0                SPI1_IRQHandler
                0x000000000800a6e0                TIM6_DAC_IRQHandler
                0x000000000800a6e0                TIM1_BRK_TIM9_IRQHandler
                0x000000000800a6e0                DCMI_IRQHandler
                0x000000000800a6e0                CAN2_RX0_IRQHandler
                0x000000000800a6e0                DMA2_Stream3_IRQHandler
                0x000000000800a6e0                USART6_IRQHandler
                0x000000000800a6e0                USART3_IRQHandler
                0x000000000800a6e0                CAN1_RX1_IRQHandler
                0x000000000800a6e0                UART5_IRQHandler
                0x000000000800a6e0                DMA2_Stream0_IRQHandler
                0x000000000800a6e0                TIM4_IRQHandler
                0x000000000800a6e0                I2C1_EV_IRQHandler
                0x000000000800a6e0                DMA1_Stream6_IRQHandler
                0x000000000800a6e0                DMA1_Stream1_IRQHandler
                0x000000000800a6e0                UART4_IRQHandler
                0x000000000800a6e0                TIM3_IRQHandler
                0x000000000800a6e0                RCC_IRQHandler
                0x000000000800a6e0                TIM8_BRK_TIM12_IRQHandler
                0x000000000800a6e0                Default_Handler
                0x000000000800a6e0                EXTI15_10_IRQHandler
                0x000000000800a6e0                ADC_IRQHandler
                0x000000000800a6e0                TIM7_IRQHandler
                0x000000000800a6e0                CAN2_TX_IRQHandler
                0x000000000800a6e0                TIM5_IRQHandler
                0x000000000800a6e0                DMA2_Stream7_IRQHandler
                0x000000000800a6e0                I2C3_EV_IRQHandler
                0x000000000800a6e0                EXTI9_5_IRQHandler
                0x000000000800a6e0                RTC_WKUP_IRQHandler
                0x000000000800a6e0                ETH_WKUP_IRQHandler
                0x000000000800a6e0                SPI2_IRQHandler
                0x000000000800a6e0                OTG_HS_EP1_IN_IRQHandler
                0x000000000800a6e0                DMA1_Stream0_IRQHandler
                0x000000000800a6e0                CAN1_TX_IRQHandler
                0x000000000800a6e0                EXTI4_IRQHandler
                0x000000000800a6e0                FSMC_IRQHandler
                0x000000000800a6e0                ETH_IRQHandler
                0x000000000800a6e0                OTG_HS_EP1_OUT_IRQHandler
                0x000000000800a6e0                WWDG_IRQHandler
                0x000000000800a6e0                TIM2_IRQHandler
                0x000000000800a6e0                OTG_FS_WKUP_IRQHandler
                0x000000000800a6e0                TIM1_TRG_COM_TIM11_IRQHandler
                0x000000000800a6e0                OTG_HS_IRQHandler
                0x000000000800a6e0                EXTI1_IRQHandler
                0x000000000800a6e0                USART2_IRQHandler
                0x000000000800a6e0                I2C2_ER_IRQHandler
                0x000000000800a6e0                DMA2_Stream1_IRQHandler
                0x000000000800a6e0                CAN1_SCE_IRQHandler
                0x000000000800a6e0                FLASH_IRQHandler
                0x000000000800a6e0                DMA2_Stream4_IRQHandler
                0x000000000800a6e0                USART1_IRQHandler
                0x000000000800a6e0                SPI3_IRQHandler
                0x000000000800a6e0                DMA1_Stream4_IRQHandler
                0x000000000800a6e0                I2C1_ER_IRQHandler
                0x000000000800a6e0                RTC_Alarm_IRQHandler
 *fill*         0x000000000800a6e2        0x2 
 .text.__errno  0x000000000800a6e4        0xc /Applications/STM32CubeIDE.app/Contents/Eclipse/plugins/com.st.stm32cube.ide.mcu.externaltools.gnu-tools-for-stm32.7-2018-q2-update.macos64_1.0.0.201904181610/tools/bin/../lib/gcc/arm-none-eabi/7.3.1/../../../../arm-none-eabi/lib/thumb/v7e-m/fpv4-sp/hard/libc_nano.a(lib_a-errno.o)
                0x000000000800a6e4                __errno
 .text.__libc_init_array
                0x000000000800a6f0       0x48 /Applications/STM32CubeIDE.app/Contents/Eclipse/plugins/com.st.stm32cube.ide.mcu.externaltools.gnu-tools-for-stm32.7-2018-q2-update.macos64_1.0.0.201904181610/tools/bin/../lib/gcc/arm-none-eabi/7.3.1/../../../../arm-none-eabi/lib/thumb/v7e-m/fpv4-sp/hard/libc_nano.a(lib_a-init.o)
                0x000000000800a6f0                __libc_init_array
 .text.malloc   0x000000000800a738       0x10 /Applications/STM32CubeIDE.app/Contents/Eclipse/plugins/com.st.stm32cube.ide.mcu.externaltools.gnu-tools-for-stm32.7-2018-q2-update.macos64_1.0.0.201904181610/tools/bin/../lib/gcc/arm-none-eabi/7.3.1/../../../../arm-none-eabi/lib/thumb/v7e-m/fpv4-sp/hard/libc_nano.a(lib_a-malloc.o)
                0x000000000800a738                malloc
 .text.free     0x000000000800a748       0x10 /Applications/STM32CubeIDE.app/Contents/Eclipse/plugins/com.st.stm32cube.ide.mcu.externaltools.gnu-tools-for-stm32.7-2018-q2-update.macos64_1.0.0.201904181610/tools/bin/../lib/gcc/arm-none-eabi/7.3.1/../../../../arm-none-eabi/lib/thumb/v7e-m/fpv4-sp/hard/libc_nano.a(lib_a-malloc.o)
                0x000000000800a748                free
 .text.memset   0x000000000800a758       0x10 /Applications/STM32CubeIDE.app/Contents/Eclipse/plugins/com.st.stm32cube.ide.mcu.externaltools.gnu-tools-for-stm32.7-2018-q2-update.macos64_1.0.0.201904181610/tools/bin/../lib/gcc/arm-none-eabi/7.3.1/../../../../arm-none-eabi/lib/thumb/v7e-m/fpv4-sp/hard/libc_nano.a(lib_a-memset.o)
                0x000000000800a758                memset
 .text._free_r  0x000000000800a768       0x9c /Applications/STM32CubeIDE.app/Contents/Eclipse/plugins/com.st.stm32cube.ide.mcu.externaltools.gnu-tools-for-stm32.7-2018-q2-update.macos64_1.0.0.201904181610/tools/bin/../lib/gcc/arm-none-eabi/7.3.1/../../../../arm-none-eabi/lib/thumb/v7e-m/fpv4-sp/hard/libc_nano.a(lib_a-nano-freer.o)
                0x000000000800a768                _free_r
 .text._malloc_r
                0x000000000800a804       0xb4 /Applications/STM32CubeIDE.app/Contents/Eclipse/plugins/com.st.stm32cube.ide.mcu.externaltools.gnu-tools-for-stm32.7-2018-q2-update.macos64_1.0.0.201904181610/tools/bin/../lib/gcc/arm-none-eabi/7.3.1/../../../../arm-none-eabi/lib/thumb/v7e-m/fpv4-sp/hard/libc_nano.a(lib_a-nano-mallocr.o)
                0x000000000800a804                _malloc_r
 .text._sbrk_r  0x000000000800a8b8       0x20 /Applications/STM32CubeIDE.app/Contents/Eclipse/plugins/com.st.stm32cube.ide.mcu.externaltools.gnu-tools-for-stm32.7-2018-q2-update.macos64_1.0.0.201904181610/tools/bin/../lib/gcc/arm-none-eabi/7.3.1/../../../../arm-none-eabi/lib/thumb/v7e-m/fpv4-sp/hard/libc_nano.a(lib_a-sbrkr.o)
                0x000000000800a8b8                _sbrk_r
 .text.__malloc_lock
                0x000000000800a8d8        0x2 /Applications/STM32CubeIDE.app/Contents/Eclipse/plugins/com.st.stm32cube.ide.mcu.externaltools.gnu-tools-for-stm32.7-2018-q2-update.macos64_1.0.0.201904181610/tools/bin/../lib/gcc/arm-none-eabi/7.3.1/../../../../arm-none-eabi/lib/thumb/v7e-m/fpv4-sp/hard/libc_nano.a(lib_a-mlock.o)
                0x000000000800a8d8                __malloc_lock
 .text.__malloc_unlock
                0x000000000800a8da        0x2 /Applications/STM32CubeIDE.app/Contents/Eclipse/plugins/com.st.stm32cube.ide.mcu.externaltools.gnu-tools-for-stm32.7-2018-q2-update.macos64_1.0.0.201904181610/tools/bin/../lib/gcc/arm-none-eabi/7.3.1/../../../../arm-none-eabi/lib/thumb/v7e-m/fpv4-sp/hard/libc_nano.a(lib_a-mlock.o)
                0x000000000800a8da                __malloc_unlock
 *(.glue_7)
 .glue_7        0x000000000800a8dc        0x0 linker stubs
 *(.glue_7t)
 .glue_7t       0x000000000800a8dc        0x0 linker stubs
 *(.eh_frame)
 .eh_frame      0x000000000800a8dc        0x0 /Applications/STM32CubeIDE.app/Contents/Eclipse/plugins/com.st.stm32cube.ide.mcu.externaltools.gnu-tools-for-stm32.7-2018-q2-update.macos64_1.0.0.201904181610/tools/bin/../lib/gcc/arm-none-eabi/7.3.1/thumb/v7e-m/fpv4-sp/hard/crtbegin.o
 *(.init)
 .init          0x000000000800a8dc        0x4 /Applications/STM32CubeIDE.app/Contents/Eclipse/plugins/com.st.stm32cube.ide.mcu.externaltools.gnu-tools-for-stm32.7-2018-q2-update.macos64_1.0.0.201904181610/tools/bin/../lib/gcc/arm-none-eabi/7.3.1/thumb/v7e-m/fpv4-sp/hard/crti.o
                0x000000000800a8dc                _init
 .init          0x000000000800a8e0        0x8 /Applications/STM32CubeIDE.app/Contents/Eclipse/plugins/com.st.stm32cube.ide.mcu.externaltools.gnu-tools-for-stm32.7-2018-q2-update.macos64_1.0.0.201904181610/tools/bin/../lib/gcc/arm-none-eabi/7.3.1/thumb/v7e-m/fpv4-sp/hard/crtn.o
 *(.fini)
 .fini          0x000000000800a8e8        0x4 /Applications/STM32CubeIDE.app/Contents/Eclipse/plugins/com.st.stm32cube.ide.mcu.externaltools.gnu-tools-for-stm32.7-2018-q2-update.macos64_1.0.0.201904181610/tools/bin/../lib/gcc/arm-none-eabi/7.3.1/thumb/v7e-m/fpv4-sp/hard/crti.o
                0x000000000800a8e8                _fini
 .fini          0x000000000800a8ec        0x8 /Applications/STM32CubeIDE.app/Contents/Eclipse/plugins/com.st.stm32cube.ide.mcu.externaltools.gnu-tools-for-stm32.7-2018-q2-update.macos64_1.0.0.201904181610/tools/bin/../lib/gcc/arm-none-eabi/7.3.1/thumb/v7e-m/fpv4-sp/hard/crtn.o
                0x000000000800a8f4                . = ALIGN (0x4)
                0x000000000800a8f4                _etext = .

.vfp11_veneer   0x000000000800a8f4        0x0
 .vfp11_veneer  0x000000000800a8f4        0x0 linker stubs

.v4_bx          0x000000000800a8f4        0x0
 .v4_bx         0x000000000800a8f4        0x0 linker stubs

.iplt           0x000000000800a8f4        0x0
 .iplt          0x000000000800a8f4        0x0 /Applications/STM32CubeIDE.app/Contents/Eclipse/plugins/com.st.stm32cube.ide.mcu.externaltools.gnu-tools-for-stm32.7-2018-q2-update.macos64_1.0.0.201904181610/tools/bin/../lib/gcc/arm-none-eabi/7.3.1/thumb/v7e-m/fpv4-sp/hard/crtbegin.o

.rodata         0x000000000800a8f4       0x88
                0x000000000800a8f4                . = ALIGN (0x4)
 *(.rodata)
 .rodata        0x000000000800a8f4        0x5 Src/usbh_MIDI.o
 *(.rodata*)
 *fill*         0x000000000800a8f9        0x3 
 .rodata.I2SFreq
                0x000000000800a8fc       0x20 Drivers/BSP/STM32F4-Discovery/stm32f4_discovery_audio.o
                0x000000000800a8fc                I2SFreq
 .rodata.I2SPLLN
                0x000000000800a91c       0x20 Drivers/BSP/STM32F4-Discovery/stm32f4_discovery_audio.o
                0x000000000800a91c                I2SPLLN
 .rodata.I2SPLLR
                0x000000000800a93c       0x20 Drivers/BSP/STM32F4-Discovery/stm32f4_discovery_audio.o
                0x000000000800a93c                I2SPLLR
 .rodata.flagBitshiftOffset.8279
                0x000000000800a95c        0x8 Drivers/STM32F4xx_HAL_Driver/Src/stm32f4xx_hal_dma.o
 .rodata.AHBPrescTable
                0x000000000800a964       0x10 Src/system_stm32f4xx.o
                0x000000000800a964                AHBPrescTable
 .rodata.APBPrescTable
                0x000000000800a974        0x8 Src/system_stm32f4xx.o
                0x000000000800a974                APBPrescTable
                0x000000000800a97c                . = ALIGN (0x4)

.ARM.extab      0x000000000800a97c        0x0
                0x000000000800a97c                . = ALIGN (0x4)
 *(.ARM.extab* .gnu.linkonce.armextab.*)
                0x000000000800a97c                . = ALIGN (0x4)

.ARM            0x000000000800a97c        0x8
                0x000000000800a97c                . = ALIGN (0x4)
                0x000000000800a97c                __exidx_start = .
 *(.ARM.exidx*)
 .ARM.exidx     0x000000000800a97c        0x8 /Applications/STM32CubeIDE.app/Contents/Eclipse/plugins/com.st.stm32cube.ide.mcu.externaltools.gnu-tools-for-stm32.7-2018-q2-update.macos64_1.0.0.201904181610/tools/bin/../lib/gcc/arm-none-eabi/7.3.1/thumb/v7e-m/fpv4-sp/hard/libgcc.a(_udivmoddi4.o)
                0x000000000800a984                __exidx_end = .
                0x000000000800a984                . = ALIGN (0x4)

.rel.dyn        0x000000000800a984        0x0
 .rel.iplt      0x000000000800a984        0x0 /Applications/STM32CubeIDE.app/Contents/Eclipse/plugins/com.st.stm32cube.ide.mcu.externaltools.gnu-tools-for-stm32.7-2018-q2-update.macos64_1.0.0.201904181610/tools/bin/../lib/gcc/arm-none-eabi/7.3.1/thumb/v7e-m/fpv4-sp/hard/crtbegin.o

.preinit_array  0x000000000800a984        0x0
                0x000000000800a984                . = ALIGN (0x4)
                0x000000000800a984                PROVIDE (__preinit_array_start = .)
 *(.preinit_array*)
                0x000000000800a984                PROVIDE (__preinit_array_end = .)
                0x000000000800a984                . = ALIGN (0x4)

.init_array     0x000000000800a984        0x4
                0x000000000800a984                . = ALIGN (0x4)
                0x000000000800a984                PROVIDE (__init_array_start = .)
 *(SORT_BY_NAME(.init_array.*))
 *(.init_array*)
 .init_array    0x000000000800a984        0x4 /Applications/STM32CubeIDE.app/Contents/Eclipse/plugins/com.st.stm32cube.ide.mcu.externaltools.gnu-tools-for-stm32.7-2018-q2-update.macos64_1.0.0.201904181610/tools/bin/../lib/gcc/arm-none-eabi/7.3.1/thumb/v7e-m/fpv4-sp/hard/crtbegin.o
                0x000000000800a988                PROVIDE (__init_array_end = .)
                0x000000000800a988                . = ALIGN (0x4)

.fini_array     0x000000000800a988        0x4
                0x000000000800a988                . = ALIGN (0x4)
                [!provide]                        PROVIDE (__fini_array_start = .)
 *(SORT_BY_NAME(.fini_array.*))
 *(.fini_array*)
 .fini_array    0x000000000800a988        0x4 /Applications/STM32CubeIDE.app/Contents/Eclipse/plugins/com.st.stm32cube.ide.mcu.externaltools.gnu-tools-for-stm32.7-2018-q2-update.macos64_1.0.0.201904181610/tools/bin/../lib/gcc/arm-none-eabi/7.3.1/thumb/v7e-m/fpv4-sp/hard/crtbegin.o
                [!provide]                        PROVIDE (__fini_array_end = .)
                0x000000000800a98c                . = ALIGN (0x4)
                0x000000000800a98c                _sidata = LOADADDR (.data)

.data           0x0000000020000000     0x12c8 load address 0x000000000800a98c
                0x0000000020000000                . = ALIGN (0x4)
                0x0000000020000000                _sdata = .
 *(.data)
 *(.data*)
 .data.cs43l22_drv
                0x0000000020000000       0x30 Drivers/BSP/Components/cs43l22/cs43l22.o
                0x0000000020000000                cs43l22_drv
 .data.Is_cs43l22_Stop
                0x0000000020000030        0x1 Drivers/BSP/Components/cs43l22/cs43l22.o
 *fill*         0x0000000020000031        0x3 
 .data.I2cxTimeout
                0x0000000020000034        0x4 Drivers/BSP/STM32F4-Discovery/stm32f4_discovery.o
                0x0000000020000034                I2cxTimeout
 .data.uwTickPrio
                0x0000000020000038        0x4 Drivers/STM32F4xx_HAL_Driver/Src/stm32f4xx_hal.o
                0x0000000020000038                uwTickPrio
 .data.uwTickFreq
                0x000000002000003c        0x1 Drivers/STM32F4xx_HAL_Driver/Src/stm32f4xx_hal.o
                0x000000002000003c                uwTickFreq
 *fill*         0x000000002000003d        0x3 
 .data.mtof     0x0000000020000040      0x200 Src/main.o
                0x0000000020000040                mtof
 .data.pitchbend1024
                0x0000000020000240     0x1000 Src/main.o
                0x0000000020000240                pitchbend1024
 .data.SystemCoreClock
                0x0000000020001240        0x4 Src/system_stm32f4xx.o
                0x0000000020001240                SystemCoreClock
 .data.MIDI_Class
                0x0000000020001244       0x20 Src/usbh_MIDI.o
                0x0000000020001244                MIDI_Class
 .data._impure_ptr
                0x0000000020001264        0x4 /Applications/STM32CubeIDE.app/Contents/Eclipse/plugins/com.st.stm32cube.ide.mcu.externaltools.gnu-tools-for-stm32.7-2018-q2-update.macos64_1.0.0.201904181610/tools/bin/../lib/gcc/arm-none-eabi/7.3.1/../../../../arm-none-eabi/lib/thumb/v7e-m/fpv4-sp/hard/libc_nano.a(lib_a-impure.o)
                0x0000000020001264                _impure_ptr
 .data.impure_data
                0x0000000020001268       0x60 /Applications/STM32CubeIDE.app/Contents/Eclipse/plugins/com.st.stm32cube.ide.mcu.externaltools.gnu-tools-for-stm32.7-2018-q2-update.macos64_1.0.0.201904181610/tools/bin/../lib/gcc/arm-none-eabi/7.3.1/../../../../arm-none-eabi/lib/thumb/v7e-m/fpv4-sp/hard/libc_nano.a(lib_a-impure.o)
                0x00000000200012c8                . = ALIGN (0x4)
                0x00000000200012c8                _edata = .

.igot.plt       0x00000000200012c8        0x0 load address 0x000000000800bc54
 .igot.plt      0x00000000200012c8        0x0 /Applications/STM32CubeIDE.app/Contents/Eclipse/plugins/com.st.stm32cube.ide.mcu.externaltools.gnu-tools-for-stm32.7-2018-q2-update.macos64_1.0.0.201904181610/tools/bin/../lib/gcc/arm-none-eabi/7.3.1/thumb/v7e-m/fpv4-sp/hard/crtbegin.o
                0x00000000200012c8                . = ALIGN (0x4)

.bss            0x00000000200012c8     0x3244 load address 0x000000000800bc54
                0x00000000200012c8                _sbss = .
                0x00000000200012c8                __bss_start__ = _sbss
 *(.bss)
 .bss           0x00000000200012c8       0x1c /Applications/STM32CubeIDE.app/Contents/Eclipse/plugins/com.st.stm32cube.ide.mcu.externaltools.gnu-tools-for-stm32.7-2018-q2-update.macos64_1.0.0.201904181610/tools/bin/../lib/gcc/arm-none-eabi/7.3.1/thumb/v7e-m/fpv4-sp/hard/crtbegin.o
 *(.bss*)
 .bss.OutputDev
                0x00000000200012e4        0x1 Drivers/BSP/Components/cs43l22/cs43l22.o
                0x00000000200012e4                OutputDev
 *fill*         0x00000000200012e5        0x3 
 .bss.I2cHandle
                0x00000000200012e8       0x54 Drivers/BSP/STM32F4-Discovery/stm32f4_discovery.o
 .bss.pAudioDrv
                0x000000002000133c        0x4 Drivers/BSP/STM32F4-Discovery/stm32f4_discovery_audio.o
 .bss.hdma_i2sTx.8446
                0x0000000020001340       0x60 Drivers/BSP/STM32F4-Discovery/stm32f4_discovery_audio.o
 .bss.tmpreg.8435
                0x00000000200013a0        0x4 Drivers/STM32F4xx_HAL_Driver/Src/stm32f4xx_ll_usb.o
 .bss.Appli_state
                0x00000000200013a4        0x1 Src/main.o
                0x00000000200013a4                Appli_state
 *fill*         0x00000000200013a5        0x3 
 .bss.heap_end.6424
                0x00000000200013a8        0x4 Src/sysmem.o
 .bss.__malloc_free_list
                0x00000000200013ac        0x4 /Applications/STM32CubeIDE.app/Contents/Eclipse/plugins/com.st.stm32cube.ide.mcu.externaltools.gnu-tools-for-stm32.7-2018-q2-update.macos64_1.0.0.201904181610/tools/bin/../lib/gcc/arm-none-eabi/7.3.1/../../../../arm-none-eabi/lib/thumb/v7e-m/fpv4-sp/hard/libc_nano.a(lib_a-nano-mallocr.o)
                0x00000000200013ac                __malloc_free_list
 .bss.__malloc_sbrk_start
                0x00000000200013b0        0x4 /Applications/STM32CubeIDE.app/Contents/Eclipse/plugins/com.st.stm32cube.ide.mcu.externaltools.gnu-tools-for-stm32.7-2018-q2-update.macos64_1.0.0.201904181610/tools/bin/../lib/gcc/arm-none-eabi/7.3.1/../../../../arm-none-eabi/lib/thumb/v7e-m/fpv4-sp/hard/libc_nano.a(lib_a-nano-mallocr.o)
                0x00000000200013b0                __malloc_sbrk_start
 *(COMMON)
 COMMON         0x00000000200013b4      0x134 Drivers/BSP/STM32F4-Discovery/stm32f4_discovery_audio.o
                0x00000000200013b4                PDM_FilterConfig
                0x00000000200013c0                PDM_FilterHandler
                0x0000000020001458                hAudioOutI2s
                0x00000000200014a0                hAudioInI2s
 COMMON         0x00000000200014e8        0x4 Drivers/STM32F4xx_HAL_Driver/Src/stm32f4xx_hal.o
                0x00000000200014e8                uwTick
 COMMON         0x00000000200014ec       0x40 Src/MIDI_application.o
                0x00000000200014ec                MIDI_RX_Buffer
 COMMON         0x000000002000152c     0x2d18 Src/main.o
                0x000000002000152c                hUSBHost
                0x0000000020001b48                voice
                0x0000000020001cc8                hi2c1
                0x0000000020001d1c                keyboard
                0x0000000020001f1c                codecBuffer
                0x0000000020001f9c                pitchbend
                0x0000000020001fa0                runningStatus
                0x0000000020001fa4                mtoinc
                0x00000000200021a4                outBuffer
                0x00000000200031a4                hspi1
                0x00000000200031fc                inBuffer
                0x00000000200041fc                hi2s3
 COMMON         0x0000000020004244      0x2c4 Src/usbh_conf.o
                0x0000000020004244                hHCD
 COMMON         0x0000000020004508        0x4 /Applications/STM32CubeIDE.app/Contents/Eclipse/plugins/com.st.stm32cube.ide.mcu.externaltools.gnu-tools-for-stm32.7-2018-q2-update.macos64_1.0.0.201904181610/tools/bin/../lib/gcc/arm-none-eabi/7.3.1/../../../../arm-none-eabi/lib/thumb/v7e-m/fpv4-sp/hard/libc_nano.a(lib_a-reent.o)
                0x0000000020004508                errno
                0x000000002000450c                . = ALIGN (0x4)
                0x000000002000450c                _ebss = .
                0x000000002000450c                __bss_end__ = _ebss

._user_heap_stack
                0x000000002000450c      0x604 load address 0x000000000800bc54
                0x0000000020004510                . = ALIGN (0x8)
 *fill*         0x000000002000450c        0x4 
                0x0000000020004510                PROVIDE (end = .)
                [!provide]                        PROVIDE (_end = .)
                0x0000000020004710                . = (. + _Min_Heap_Size)
 *fill*         0x0000000020004510      0x200 
                0x0000000020004b10                . = (. + _Min_Stack_Size)
 *fill*         0x0000000020004710      0x400 
                0x0000000020004b10                . = ALIGN (0x8)

/DISCARD/
 libc.a(*)
 libm.a(*)
 libgcc.a(*)

.ARM.attributes
                0x0000000000000000       0x30
 *(.ARM.attributes)
 .ARM.attributes
                0x0000000000000000       0x22 /Applications/STM32CubeIDE.app/Contents/Eclipse/plugins/com.st.stm32cube.ide.mcu.externaltools.gnu-tools-for-stm32.7-2018-q2-update.macos64_1.0.0.201904181610/tools/bin/../lib/gcc/arm-none-eabi/7.3.1/thumb/v7e-m/fpv4-sp/hard/crti.o
 .ARM.attributes
                0x0000000000000022       0x34 /Applications/STM32CubeIDE.app/Contents/Eclipse/plugins/com.st.stm32cube.ide.mcu.externaltools.gnu-tools-for-stm32.7-2018-q2-update.macos64_1.0.0.201904181610/tools/bin/../lib/gcc/arm-none-eabi/7.3.1/thumb/v7e-m/fpv4-sp/hard/crtbegin.o
 .ARM.attributes
                0x0000000000000056       0x39 Drivers/BSP/Components/cs43l22/cs43l22.o
 .ARM.attributes
                0x000000000000008f       0x39 Drivers/BSP/STM32F4-Discovery/stm32f4_discovery.o
 .ARM.attributes
                0x00000000000000c8       0x39 Drivers/BSP/STM32F4-Discovery/stm32f4_discovery_audio.o
 .ARM.attributes
                0x0000000000000101       0x39 Drivers/STM32F4xx_HAL_Driver/Src/stm32f4xx_hal.o
 .ARM.attributes
                0x000000000000013a       0x39 Drivers/STM32F4xx_HAL_Driver/Src/stm32f4xx_hal_cortex.o
 .ARM.attributes
                0x0000000000000173       0x39 Drivers/STM32F4xx_HAL_Driver/Src/stm32f4xx_hal_dma.o
 .ARM.attributes
                0x00000000000001ac       0x39 Drivers/STM32F4xx_HAL_Driver/Src/stm32f4xx_hal_gpio.o
 .ARM.attributes
                0x00000000000001e5       0x39 Drivers/STM32F4xx_HAL_Driver/Src/stm32f4xx_hal_hcd.o
 .ARM.attributes
                0x000000000000021e       0x39 Drivers/STM32F4xx_HAL_Driver/Src/stm32f4xx_hal_i2c.o
 .ARM.attributes
                0x0000000000000257       0x39 Drivers/STM32F4xx_HAL_Driver/Src/stm32f4xx_hal_i2s.o
 .ARM.attributes
                0x0000000000000290       0x39 Drivers/STM32F4xx_HAL_Driver/Src/stm32f4xx_hal_i2s_ex.o
 .ARM.attributes
                0x00000000000002c9       0x39 Drivers/STM32F4xx_HAL_Driver/Src/stm32f4xx_hal_rcc.o
 .ARM.attributes
                0x0000000000000302       0x39 Drivers/STM32F4xx_HAL_Driver/Src/stm32f4xx_hal_rcc_ex.o
 .ARM.attributes
                0x000000000000033b       0x39 Drivers/STM32F4xx_HAL_Driver/Src/stm32f4xx_ll_usb.o
 .ARM.attributes
                0x0000000000000374       0x39 Middlewares/ST/STM32_USB_Host_Library/Core/Src/usbh_core.o
 .ARM.attributes
                0x00000000000003ad       0x39 Middlewares/ST/STM32_USB_Host_Library/Core/Src/usbh_ctlreq.o
 .ARM.attributes
                0x00000000000003e6       0x39 Middlewares/ST/STM32_USB_Host_Library/Core/Src/usbh_ioreq.o
 .ARM.attributes
                0x000000000000041f       0x39 Middlewares/ST/STM32_USB_Host_Library/Core/Src/usbh_pipes.o
 .ARM.attributes
                0x0000000000000458       0x39 Src/MIDI_application.o
 .ARM.attributes
                0x0000000000000491       0x39 Src/main.o
 .ARM.attributes
                0x00000000000004ca       0x39 Src/stm32f4xx_hal_msp.o
 .ARM.attributes
                0x0000000000000503       0x39 Src/stm32f4xx_it.o
 .ARM.attributes
                0x000000000000053c       0x39 Src/sysmem.o
 .ARM.attributes
                0x0000000000000575       0x39 Src/system_stm32f4xx.o
 .ARM.attributes
                0x00000000000005ae       0x39 Src/usbh_MIDI.o
 .ARM.attributes
                0x00000000000005e7       0x39 Src/usbh_conf.o
 .ARM.attributes
                0x0000000000000620       0x21 Startup/startup_stm32f407vgtx.o
 .ARM.attributes
                0x0000000000000641       0x34 /Applications/STM32CubeIDE.app/Contents/Eclipse/plugins/com.st.stm32cube.ide.mcu.externaltools.gnu-tools-for-stm32.7-2018-q2-update.macos64_1.0.0.201904181610/tools/bin/../lib/gcc/arm-none-eabi/7.3.1/../../../../arm-none-eabi/lib/thumb/v7e-m/fpv4-sp/hard/libc_nano.a(lib_a-errno.o)
 .ARM.attributes
                0x0000000000000675       0x34 /Applications/STM32CubeIDE.app/Contents/Eclipse/plugins/com.st.stm32cube.ide.mcu.externaltools.gnu-tools-for-stm32.7-2018-q2-update.macos64_1.0.0.201904181610/tools/bin/../lib/gcc/arm-none-eabi/7.3.1/../../../../arm-none-eabi/lib/thumb/v7e-m/fpv4-sp/hard/libc_nano.a(lib_a-impure.o)
 .ARM.attributes
                0x00000000000006a9       0x34 /Applications/STM32CubeIDE.app/Contents/Eclipse/plugins/com.st.stm32cube.ide.mcu.externaltools.gnu-tools-for-stm32.7-2018-q2-update.macos64_1.0.0.201904181610/tools/bin/../lib/gcc/arm-none-eabi/7.3.1/../../../../arm-none-eabi/lib/thumb/v7e-m/fpv4-sp/hard/libc_nano.a(lib_a-init.o)
 .ARM.attributes
                0x00000000000006dd       0x34 /Applications/STM32CubeIDE.app/Contents/Eclipse/plugins/com.st.stm32cube.ide.mcu.externaltools.gnu-tools-for-stm32.7-2018-q2-update.macos64_1.0.0.201904181610/tools/bin/../lib/gcc/arm-none-eabi/7.3.1/../../../../arm-none-eabi/lib/thumb/v7e-m/fpv4-sp/hard/libc_nano.a(lib_a-malloc.o)
 .ARM.attributes
                0x0000000000000711       0x34 /Applications/STM32CubeIDE.app/Contents/Eclipse/plugins/com.st.stm32cube.ide.mcu.externaltools.gnu-tools-for-stm32.7-2018-q2-update.macos64_1.0.0.201904181610/tools/bin/../lib/gcc/arm-none-eabi/7.3.1/../../../../arm-none-eabi/lib/thumb/v7e-m/fpv4-sp/hard/libc_nano.a(lib_a-memset.o)
 .ARM.attributes
                0x0000000000000745       0x34 /Applications/STM32CubeIDE.app/Contents/Eclipse/plugins/com.st.stm32cube.ide.mcu.externaltools.gnu-tools-for-stm32.7-2018-q2-update.macos64_1.0.0.201904181610/tools/bin/../lib/gcc/arm-none-eabi/7.3.1/../../../../arm-none-eabi/lib/thumb/v7e-m/fpv4-sp/hard/libc_nano.a(lib_a-nano-freer.o)
 .ARM.attributes
                0x0000000000000779       0x34 /Applications/STM32CubeIDE.app/Contents/Eclipse/plugins/com.st.stm32cube.ide.mcu.externaltools.gnu-tools-for-stm32.7-2018-q2-update.macos64_1.0.0.201904181610/tools/bin/../lib/gcc/arm-none-eabi/7.3.1/../../../../arm-none-eabi/lib/thumb/v7e-m/fpv4-sp/hard/libc_nano.a(lib_a-nano-mallocr.o)
 .ARM.attributes
                0x00000000000007ad       0x34 /Applications/STM32CubeIDE.app/Contents/Eclipse/plugins/com.st.stm32cube.ide.mcu.externaltools.gnu-tools-for-stm32.7-2018-q2-update.macos64_1.0.0.201904181610/tools/bin/../lib/gcc/arm-none-eabi/7.3.1/../../../../arm-none-eabi/lib/thumb/v7e-m/fpv4-sp/hard/libc_nano.a(lib_a-sbrkr.o)
 .ARM.attributes
                0x00000000000007e1       0x34 /Applications/STM32CubeIDE.app/Contents/Eclipse/plugins/com.st.stm32cube.ide.mcu.externaltools.gnu-tools-for-stm32.7-2018-q2-update.macos64_1.0.0.201904181610/tools/bin/../lib/gcc/arm-none-eabi/7.3.1/../../../../arm-none-eabi/lib/thumb/v7e-m/fpv4-sp/hard/libc_nano.a(lib_a-mlock.o)
 .ARM.attributes
                0x0000000000000815       0x34 /Applications/STM32CubeIDE.app/Contents/Eclipse/plugins/com.st.stm32cube.ide.mcu.externaltools.gnu-tools-for-stm32.7-2018-q2-update.macos64_1.0.0.201904181610/tools/bin/../lib/gcc/arm-none-eabi/7.3.1/../../../../arm-none-eabi/lib/thumb/v7e-m/fpv4-sp/hard/libc_nano.a(lib_a-reent.o)
 .ARM.attributes
                0x0000000000000849       0x22 /Applications/STM32CubeIDE.app/Contents/Eclipse/plugins/com.st.stm32cube.ide.mcu.externaltools.gnu-tools-for-stm32.7-2018-q2-update.macos64_1.0.0.201904181610/tools/bin/../lib/gcc/arm-none-eabi/7.3.1/thumb/v7e-m/fpv4-sp/hard/libgcc.a(_arm_addsubdf3.o)
 .ARM.attributes
                0x000000000000086b       0x22 /Applications/STM32CubeIDE.app/Contents/Eclipse/plugins/com.st.stm32cube.ide.mcu.externaltools.gnu-tools-for-stm32.7-2018-q2-update.macos64_1.0.0.201904181610/tools/bin/../lib/gcc/arm-none-eabi/7.3.1/thumb/v7e-m/fpv4-sp/hard/libgcc.a(_arm_muldivdf3.o)
 .ARM.attributes
                0x000000000000088d       0x22 /Applications/STM32CubeIDE.app/Contents/Eclipse/plugins/com.st.stm32cube.ide.mcu.externaltools.gnu-tools-for-stm32.7-2018-q2-update.macos64_1.0.0.201904181610/tools/bin/../lib/gcc/arm-none-eabi/7.3.1/thumb/v7e-m/fpv4-sp/hard/libgcc.a(_arm_truncdfsf2.o)
 .ARM.attributes
                0x00000000000008af       0x22 /Applications/STM32CubeIDE.app/Contents/Eclipse/plugins/com.st.stm32cube.ide.mcu.externaltools.gnu-tools-for-stm32.7-2018-q2-update.macos64_1.0.0.201904181610/tools/bin/../lib/gcc/arm-none-eabi/7.3.1/thumb/v7e-m/fpv4-sp/hard/libgcc.a(_aeabi_uldivmod.o)
 .ARM.attributes
                0x00000000000008d1       0x34 /Applications/STM32CubeIDE.app/Contents/Eclipse/plugins/com.st.stm32cube.ide.mcu.externaltools.gnu-tools-for-stm32.7-2018-q2-update.macos64_1.0.0.201904181610/tools/bin/../lib/gcc/arm-none-eabi/7.3.1/thumb/v7e-m/fpv4-sp/hard/libgcc.a(_udivmoddi4.o)
 .ARM.attributes
                0x0000000000000905       0x22 /Applications/STM32CubeIDE.app/Contents/Eclipse/plugins/com.st.stm32cube.ide.mcu.externaltools.gnu-tools-for-stm32.7-2018-q2-update.macos64_1.0.0.201904181610/tools/bin/../lib/gcc/arm-none-eabi/7.3.1/thumb/v7e-m/fpv4-sp/hard/libgcc.a(_dvmd_tls.o)
 .ARM.attributes
                0x0000000000000927       0x22 /Applications/STM32CubeIDE.app/Contents/Eclipse/plugins/com.st.stm32cube.ide.mcu.externaltools.gnu-tools-for-stm32.7-2018-q2-update.macos64_1.0.0.201904181610/tools/bin/../lib/gcc/arm-none-eabi/7.3.1/thumb/v7e-m/fpv4-sp/hard/crtn.o
OUTPUT(f4disco-midi.elf elf32-littlearm)

.debug_info     0x0000000000000000    0x1d00c
 .debug_info    0x0000000000000000      0x592 Drivers/BSP/Components/cs43l22/cs43l22.o
 .debug_info    0x0000000000000592     0x1462 Drivers/BSP/STM32F4-Discovery/stm32f4_discovery.o
 .debug_info    0x00000000000019f4     0x161d Drivers/BSP/STM32F4-Discovery/stm32f4_discovery_audio.o
 .debug_info    0x0000000000003011      0x921 Drivers/STM32F4xx_HAL_Driver/Src/stm32f4xx_hal.o
 .debug_info    0x0000000000003932      0xdd6 Drivers/STM32F4xx_HAL_Driver/Src/stm32f4xx_hal_cortex.o
 .debug_info    0x0000000000004708      0x916 Drivers/STM32F4xx_HAL_Driver/Src/stm32f4xx_hal_dma.o
 .debug_info    0x000000000000501e      0x763 Drivers/STM32F4xx_HAL_Driver/Src/stm32f4xx_hal_gpio.o
 .debug_info    0x0000000000005781      0xde7 Drivers/STM32F4xx_HAL_Driver/Src/stm32f4xx_hal_hcd.o
 .debug_info    0x0000000000006568     0x231f Drivers/STM32F4xx_HAL_Driver/Src/stm32f4xx_hal_i2c.o
 .debug_info    0x0000000000008887      0xd8d Drivers/STM32F4xx_HAL_Driver/Src/stm32f4xx_hal_i2s.o
 .debug_info    0x0000000000009614      0xb24 Drivers/STM32F4xx_HAL_Driver/Src/stm32f4xx_hal_i2s_ex.o
 .debug_info    0x000000000000a138      0x8a4 Drivers/STM32F4xx_HAL_Driver/Src/stm32f4xx_hal_rcc.o
 .debug_info    0x000000000000a9dc      0x55c Drivers/STM32F4xx_HAL_Driver/Src/stm32f4xx_hal_rcc_ex.o
 .debug_info    0x000000000000af38     0x188b Drivers/STM32F4xx_HAL_Driver/Src/stm32f4xx_ll_usb.o
 .debug_info    0x000000000000c7c3     0x15ec Middlewares/ST/STM32_USB_Host_Library/Core/Src/usbh_core.o
 .debug_info    0x000000000000ddaf     0x16bb Middlewares/ST/STM32_USB_Host_Library/Core/Src/usbh_ctlreq.o
 .debug_info    0x000000000000f46a     0x1428 Middlewares/ST/STM32_USB_Host_Library/Core/Src/usbh_ioreq.o
 .debug_info    0x0000000000010892     0x126a Middlewares/ST/STM32_USB_Host_Library/Core/Src/usbh_pipes.o
 .debug_info    0x0000000000011afc     0x152b Src/MIDI_application.o
 .debug_info    0x0000000000013027     0x273c Src/main.o
 .debug_info    0x0000000000015763     0x1e74 Src/stm32f4xx_hal_msp.o
 .debug_info    0x00000000000175d7     0x161a Src/stm32f4xx_it.o
 .debug_info    0x0000000000018bf1      0x91c Src/sysmem.o
 .debug_info    0x000000000001950d      0x502 Src/system_stm32f4xx.o
 .debug_info    0x0000000000019a0f     0x15d1 Src/usbh_MIDI.o
 .debug_info    0x000000000001afe0     0x200a Src/usbh_conf.o
 .debug_info    0x000000000001cfea       0x22 Startup/startup_stm32f407vgtx.o

.debug_abbrev   0x0000000000000000     0x3e8e
 .debug_abbrev  0x0000000000000000      0x199 Drivers/BSP/Components/cs43l22/cs43l22.o
 .debug_abbrev  0x0000000000000199      0x27a Drivers/BSP/STM32F4-Discovery/stm32f4_discovery.o
 .debug_abbrev  0x0000000000000413      0x2ae Drivers/BSP/STM32F4-Discovery/stm32f4_discovery_audio.o
 .debug_abbrev  0x00000000000006c1      0x1cb Drivers/STM32F4xx_HAL_Driver/Src/stm32f4xx_hal.o
 .debug_abbrev  0x000000000000088c      0x2fa Drivers/STM32F4xx_HAL_Driver/Src/stm32f4xx_hal_cortex.o
 .debug_abbrev  0x0000000000000b86      0x229 Drivers/STM32F4xx_HAL_Driver/Src/stm32f4xx_hal_dma.o
 .debug_abbrev  0x0000000000000daf      0x1c9 Drivers/STM32F4xx_HAL_Driver/Src/stm32f4xx_hal_gpio.o
 .debug_abbrev  0x0000000000000f78      0x255 Drivers/STM32F4xx_HAL_Driver/Src/stm32f4xx_hal_hcd.o
 .debug_abbrev  0x00000000000011cd      0x254 Drivers/STM32F4xx_HAL_Driver/Src/stm32f4xx_hal_i2c.o
 .debug_abbrev  0x0000000000001421      0x21b Drivers/STM32F4xx_HAL_Driver/Src/stm32f4xx_hal_i2s.o
 .debug_abbrev  0x000000000000163c      0x246 Drivers/STM32F4xx_HAL_Driver/Src/stm32f4xx_hal_i2s_ex.o
 .debug_abbrev  0x0000000000001882      0x245 Drivers/STM32F4xx_HAL_Driver/Src/stm32f4xx_hal_rcc.o
 .debug_abbrev  0x0000000000001ac7      0x173 Drivers/STM32F4xx_HAL_Driver/Src/stm32f4xx_hal_rcc_ex.o
 .debug_abbrev  0x0000000000001c3a      0x26d Drivers/STM32F4xx_HAL_Driver/Src/stm32f4xx_ll_usb.o
 .debug_abbrev  0x0000000000001ea7      0x351 Middlewares/ST/STM32_USB_Host_Library/Core/Src/usbh_core.o
 .debug_abbrev  0x00000000000021f8      0x30a Middlewares/ST/STM32_USB_Host_Library/Core/Src/usbh_ctlreq.o
 .debug_abbrev  0x0000000000002502      0x268 Middlewares/ST/STM32_USB_Host_Library/Core/Src/usbh_ioreq.o
 .debug_abbrev  0x000000000000276a      0x2a0 Middlewares/ST/STM32_USB_Host_Library/Core/Src/usbh_pipes.o
 .debug_abbrev  0x0000000000002a0a      0x2c6 Src/MIDI_application.o
 .debug_abbrev  0x0000000000002cd0      0x397 Src/main.o
 .debug_abbrev  0x0000000000003067      0x296 Src/stm32f4xx_hal_msp.o
 .debug_abbrev  0x00000000000032fd      0x246 Src/stm32f4xx_it.o
 .debug_abbrev  0x0000000000003543      0x1bb Src/sysmem.o
 .debug_abbrev  0x00000000000036fe      0x111 Src/system_stm32f4xx.o
 .debug_abbrev  0x000000000000380f      0x324 Src/usbh_MIDI.o
 .debug_abbrev  0x0000000000003b33      0x349 Src/usbh_conf.o
 .debug_abbrev  0x0000000000003e7c       0x12 Startup/startup_stm32f407vgtx.o

.debug_aranges  0x0000000000000000     0x1238
 .debug_aranges
                0x0000000000000000       0x80 Drivers/BSP/Components/cs43l22/cs43l22.o
 .debug_aranges
                0x0000000000000080       0xd8 Drivers/BSP/STM32F4-Discovery/stm32f4_discovery.o
 .debug_aranges
                0x0000000000000158      0x140 Drivers/BSP/STM32F4-Discovery/stm32f4_discovery_audio.o
 .debug_aranges
                0x0000000000000298       0xf0 Drivers/STM32F4xx_HAL_Driver/Src/stm32f4xx_hal.o
 .debug_aranges
                0x0000000000000388      0x118 Drivers/STM32F4xx_HAL_Driver/Src/stm32f4xx_hal_cortex.o
 .debug_aranges
                0x00000000000004a0       0x90 Drivers/STM32F4xx_HAL_Driver/Src/stm32f4xx_hal_dma.o
 .debug_aranges
                0x0000000000000530       0x58 Drivers/STM32F4xx_HAL_Driver/Src/stm32f4xx_hal_gpio.o
 .debug_aranges
                0x0000000000000588       0xf0 Drivers/STM32F4xx_HAL_Driver/Src/stm32f4xx_hal_hcd.o
 .debug_aranges
                0x0000000000000678      0x290 Drivers/STM32F4xx_HAL_Driver/Src/stm32f4xx_hal_i2c.o
 .debug_aranges
                0x0000000000000908      0x108 Drivers/STM32F4xx_HAL_Driver/Src/stm32f4xx_hal_i2s.o
 .debug_aranges
                0x0000000000000a10       0x88 Drivers/STM32F4xx_HAL_Driver/Src/stm32f4xx_hal_i2s_ex.o
 .debug_aranges
                0x0000000000000a98       0x88 Drivers/STM32F4xx_HAL_Driver/Src/stm32f4xx_hal_rcc.o
 .debug_aranges
                0x0000000000000b20       0x48 Drivers/STM32F4xx_HAL_Driver/Src/stm32f4xx_hal_rcc_ex.o
 .debug_aranges
                0x0000000000000b68      0x198 Drivers/STM32F4xx_HAL_Driver/Src/stm32f4xx_ll_usb.o
 .debug_aranges
                0x0000000000000d00       0xc0 Middlewares/ST/STM32_USB_Host_Library/Core/Src/usbh_core.o
 .debug_aranges
                0x0000000000000dc0       0xa0 Middlewares/ST/STM32_USB_Host_Library/Core/Src/usbh_ctlreq.o
 .debug_aranges
                0x0000000000000e60       0x60 Middlewares/ST/STM32_USB_Host_Library/Core/Src/usbh_ioreq.o
 .debug_aranges
                0x0000000000000ec0       0x40 Middlewares/ST/STM32_USB_Host_Library/Core/Src/usbh_pipes.o
 .debug_aranges
                0x0000000000000f00       0x30 Src/MIDI_application.o
 .debug_aranges
                0x0000000000000f30       0x90 Src/main.o
 .debug_aranges
                0x0000000000000fc0       0x50 Src/stm32f4xx_hal_msp.o
 .debug_aranges
                0x0000000000001010       0x68 Src/stm32f4xx_it.o
 .debug_aranges
                0x0000000000001078       0x20 Src/sysmem.o
 .debug_aranges
                0x0000000000001098       0x28 Src/system_stm32f4xx.o
 .debug_aranges
                0x00000000000010c0       0x80 Src/usbh_MIDI.o
 .debug_aranges
                0x0000000000001140       0xd0 Src/usbh_conf.o
 .debug_aranges
                0x0000000000001210       0x28 Startup/startup_stm32f407vgtx.o

.debug_ranges   0x0000000000000000     0x10b0
 .debug_ranges  0x0000000000000000       0x70 Drivers/BSP/Components/cs43l22/cs43l22.o
 .debug_ranges  0x0000000000000070       0xc8 Drivers/BSP/STM32F4-Discovery/stm32f4_discovery.o
 .debug_ranges  0x0000000000000138      0x130 Drivers/BSP/STM32F4-Discovery/stm32f4_discovery_audio.o
 .debug_ranges  0x0000000000000268       0xe0 Drivers/STM32F4xx_HAL_Driver/Src/stm32f4xx_hal.o
 .debug_ranges  0x0000000000000348      0x108 Drivers/STM32F4xx_HAL_Driver/Src/stm32f4xx_hal_cortex.o
 .debug_ranges  0x0000000000000450       0x80 Drivers/STM32F4xx_HAL_Driver/Src/stm32f4xx_hal_dma.o
 .debug_ranges  0x00000000000004d0       0x48 Drivers/STM32F4xx_HAL_Driver/Src/stm32f4xx_hal_gpio.o
 .debug_ranges  0x0000000000000518       0xe0 Drivers/STM32F4xx_HAL_Driver/Src/stm32f4xx_hal_hcd.o
 .debug_ranges  0x00000000000005f8      0x2a0 Drivers/STM32F4xx_HAL_Driver/Src/stm32f4xx_hal_i2c.o
 .debug_ranges  0x0000000000000898       0xf8 Drivers/STM32F4xx_HAL_Driver/Src/stm32f4xx_hal_i2s.o